warning: creating directory '/home/agent/.cache/nix': Read-only file system
these 1127 derivations will be built:
  /nix/store/0nrb3h17g2hhf8ijisi7frcfvqwhya3w-coreutils-9.11.tar.xz.drv
  /nix/store/2kbbzfsz1hzd21yj0h989s3z40cgrp58-stage0-posix-1.9.1-source.drv
  /nix/store/j76if9fyh6aw41qvc8nqr9c8ha4azayn-hex0-seed.drv
  /nix/store/zf8dvv680i9z2wpggik614r20n54hyii-hex0-1.9.1.drv
  /nix/store/fmhwfv6ikfd8wsg2mha7rw8nmdc4jxrx-hex1-1.9.1.drv
  /nix/store/rxpmjxrz1xnr2pkamsa59afl929cj57k-hex2-1.9.1.drv
  /nix/store/2jwh5pdbg0mff2bhxvc2vam8bm05wa08-catm-1.9.1.drv
  /nix/store/rq77y1w9cbyx76dqcnw4wa24w1wq3ybw-M2-0.c-1.9.1.drv
  /nix/store/kkr0ncy5fyd3rv59wdb679q0fhah7fn6-M0.hex2-1.9.1.drv
  /nix/store/z4xincpdf0q9ikjbma0s5sf5jrl3s187-M0-1.9.1.drv
  /nix/store/pj475p4a7p2hzb49xslzyrbzmnwvjp4c-cc_arch-0.hex2-1.9.1.drv
  /nix/store/yx1ipzzcjya556sz0z3vc3gvgw86lb5c-cc_arch-1.hex2-1.9.1.drv
  /nix/store/s47mlxqkjc26fvmx2yrps4hkpigimxi1-cc_arch-1.9.1.drv
  /nix/store/fg5yn059hlcxgb0116bq8s47rbg4gzs2-M2-0.M1-1.9.1.drv
  /nix/store/dschwsfi21lwar5ldv5wdqnm1waf197a-M2-0-0.M1-1.9.1.drv
  /nix/store/fxii7wgh8167mckd8bbjal5mxq9l9p05-M2-0.hex2-1.9.1.drv
  /nix/store/9mj2rqzivmn0skmx8kgy0qsrm8n2ph0z-M2-0-0.hex2-1.9.1.drv
  /nix/store/46c2vwwb9lcd8976mmwaqiy2glsh8a6s-M2-1.9.1.drv
  /nix/store/j4wjiwwh98lysm3nj7gidv06ch0zns2p-hex2_linker-2.M1-1.9.1.drv
  /nix/store/9knysaa0w5wbkbi2c1hbvvf7gjv8iqfb-blood-elf-0.M1-1.9.1.drv
  /nix/store/drh372b18rwrl15nrww5bc105xpwd3kx-blood-elf-0-0.M1-1.9.1.drv
  /nix/store/nnkx70rnb45cksjrsh24ral5jd6al5h2-blood-elf-0.hex2-1.9.1.drv
  /nix/store/x9sj5ai5qx2c6wmy5qz6dpl90g6rbrxg-blood-elf-0-0.hex2-1.9.1.drv
  /nix/store/xsn3z4sqkn6ac7mlq35b62qs31mlnhbw-blood-elf-0-1.9.1.drv
  /nix/store/83kd55avbcj2wx0gc643yhph72ahdacn-hex2_linker-2-footer.M1-1.9.1.drv
  /nix/store/12kq01qr9jcw4gpgvzqg962gixgjg4w8-M1-macro-1.M1-1.9.1.drv
  /nix/store/1l0a69sq1vbdjjcbhnr0yic533yvkpdj-M1-macro-1-footer.M1-1.9.1.drv
  /nix/store/d9q3m3dkpm5f2yidcnf39bxqy3xniw6q-M1-macro-0.M1-1.9.1.drv
  /nix/store/zhwaq1pghk6gqbjlcjgw3crf8ggrazay-M1-macro-0-footer.M1-1.9.1.drv
  /nix/store/dyffnfdiz10lpiraxazf9k9chkx1prqj-M1-macro-0-0.M1-1.9.1.drv
  /nix/store/9qrfjhdgqij7dg7pvy85yw848hchjj86-M1-macro-0.hex2-1.9.1.drv
  /nix/store/ncn47n6zrpsy3kxc146392s75fk4lk2c-M1-macro-0-0.hex2-1.9.1.drv
  /nix/store/wzc5vlgxwlx8xjs4v6jgw8xan080jxks-M1-0-1.9.1.drv
  /nix/store/hq2cbwrkyyck3hl3vcddi1256qk4kd9y-M1-macro-1.hex2-1.9.1.drv
  /nix/store/9nh28gh5xv970hclrry924m5s9a7pc04-hex2_linker-0.M1-1.9.1.drv
  /nix/store/ppw8q27avhjirlrdcharilyf3lfih28f-hex2_linker-0-footer.M1-1.9.1.drv
  /nix/store/33fk6f3q18k6ifvg92vgsnmck9dcsqli-hex2_linker-0.hex2-1.9.1.drv
  /nix/store/salhf0y3pwji5rc43kgh51czb4ck6qgx-hex2_linker-0-0.hex2-1.9.1.drv
  /nix/store/qsyqpi5hy1i3rzmg1x5l2nm0d3hcdmdc-hex2-1-1.9.1.drv
  /nix/store/zf7smly23scq1jpgwy8lbv6vksd5si6b-M1-1.9.1.drv
  /nix/store/387n5gn04pv4cjjlrxxh4plc6c60ifl6-hex2_linker-2.hex2-1.9.1.drv
  /nix/store/jfgdmzd75pybl8jbyv0qharzncawvfjk-hex2-1.9.1.drv
  /nix/store/zp92khnxilvlvdha1wan9c8xh3ns7qsc-kaem.M1-1.9.1.drv
  /nix/store/nqn9nizwqy5201zcv0jn5l7pnjm8i637-kaem-footer.M1-1.9.1.drv
  /nix/store/scff6n77m9an0n7wzdm221b5diz0k4rj-kaem.hex2-1.9.1.drv
  /nix/store/mls5sqcps3yi6iwbn5bbyr1pymsk8cyy-kaem-unwrapped-1.9.1.drv
  /nix/store/dbasqqw4gv4864jxfc7i9fir1ik1h91b-mescc-tools-extra-mkdir-1.9.1.drv
  /nix/store/faklixjfqrpfwz3z513s6p9lmk2qf3mw-mescc-tools-extra-cp-1.9.1.drv
  /nix/store/fx1ariccq0k411lvhjl3iwbql4qq6xiv-mescc-tools-extra-replace-1.9.1.drv
  /nix/store/gs9mwc2r1p7hs6xrnqz5s36dsw3c9nqm-mescc-tools-extra-chmod-1.9.1.drv
  /nix/store/pz3m6g7iabylyazm40p363y8795vybf9-mescc-tools-1.9.1.drv
  /nix/store/bkmjhag9fkyxdmh3khll3hd7fbjqz5zl-nyacc-1.09.1.tar.gz.drv
  /nix/store/yjp7zwabw9xcm6g42736mbhlvcddw410-mescc-tools-extra-1.9.1.drv
  /nix/store/zlsfxdxsnzp1nzzw113avl2v0s5mgjpr-kaem-1.9.1.drv
  /nix/store/hz2a2dlrpqz662khc2f2nqcfx03wgn3r-nyacc-1.09.1-builder.drv
  /nix/store/wxbms5xmv39yyyqy337w0xylps100055-nyacc-1.09.1.drv
  /nix/store/zkwvl1yljz9gp7zbppzslzdhyq5zwg19-mes-0.27.1.tar.gz.drv
  /nix/store/q8c5l3jqyqw4g02k0anhhxh1g4307ni5-mes-src-0.27.1-builder.drv
  /nix/store/h6pi2cyw7j5liy0fbzq8i1ippcqwdjd3-mes-src-0.27.1.drv
  /nix/store/9y32j8hnjm4748k0v0lal6d5kwisjw12-mes-libc-0.27.1-builder.drv
  /nix/store/19gcd6n26b45lwx33i6acl4ldlaf2k43-mes-libc-0.27.1.drv
  /nix/store/3k34lryz96awdk6bxidq2zlcas5rnpgi-mes-libmescc-0.27.1-builder.drv
  /nix/store/6nv15acmyh9mfckms0rikjswhgxfzdyb-mes-libmescc-0.27.1.drv
  /nix/store/n8xfn5p7ap99jqirj54202i7g7mwscbb-mes-libc+tcc-0.27.1-builder.drv
  /nix/store/i4a7vp8h1mg0gf9dkr7lqda402qi2blz-mes-libc+tcc-0.27.1.drv
  /nix/store/7sn98bdbh4x5b58q0ghni71ginkqxcms-mes-libc-mini-0.27.1-builder.drv
  /nix/store/mf9br2m8vddsnqxjla1xsj0d160l6bw6-mes-libc-mini-0.27.1.drv
  /nix/store/9b5xvzhkkyvf9k6mxskgawzsq2129iga-mes-crt1-0.27.1-builder.drv
  /nix/store/w2qpwakkd81nr6k45p2wyd24x5n2ij9k-mes-crt1-0.27.1.drv
  /nix/store/2yl6ma5h3sa91z9qbm5x2vgjw2mzsxfc-mes-m2-libs-0.27.1-builder.drv
  /nix/store/wxcd19yxlnk6lm4i1zilx667r8r0v5gv-mes-m2-libs-0.27.1.drv
  /nix/store/7hjbjqdb5l8r9pzgi9w11px2zayfq4zv-mes-0.27.1-builder.drv
  /nix/store/97pk2m5858047hvw1b764cqxq4qwl6nz-mes-0.27.1.drv
  /nix/store/cwsp8d28ypl2yvhbbhlvd9c3w0mdrkp3-ln-boot-unstable-2023-05-22-builder.drv
  /nix/store/qjzpl6l7b9sr55xh576zyr61p6pawzf7-ln-boot-unstable-2023-05-22.drv
  /nix/store/50i25hvxfg4dqzs5w1bb3rw4drzslf55-mes-libc-0.27.1-builder.drv
  /nix/store/fbaq796w3day6gw5sdvw014v9ppip38q-mes-libc-0.27.1.drv
  /nix/store/h699vzb1lagddixp8liilf9kihibax6x-tinycc-ea3900f6d5e71776c5cfabcabee317652e3a19ee.tar.gz.drv
  /nix/store/j3n345fjfih7z96sngf55600v93d7hax-tinycc-bootstrappable-unstable-2024-07-07-source-builder.drv
  /nix/store/mvpsnrvkh6xw1q5fzdyfc6b6hbh4k9hh-tinycc-bootstrappable-unstable-2024-07-07-source.drv
  /nix/store/vagpxvb1akpkk9n8ffsml1i6rdf0n3cd-tinycc-boot-mes-unstable-2024-07-07-builder.drv
  /nix/store/43c53m8vn9xgm336dgb8fzm24a0sfak9-tinycc-boot-mes-unstable-2024-07-07.drv
  /nix/store/rkkh200y25pyypsy8a0nxagk4znsykg8-libtcc1.a-builder.drv
  /nix/store/5y67rlqwiiv7607z9204zmfmw7bl4wwy-libtcc1.a.drv
  /nix/store/1n8hr73p3kk1yy3xgqfrq4qr7qz8yfyg-libc.a-builder.drv
  /nix/store/80hl2ggqpv6dl9y8vz1ihw426xpxyhzd-libc.a.drv
  /nix/store/p8dji0ijyy5nns9mpsckkbpqs90sqb6c-libgetopt.a-builder.drv
  /nix/store/m2wna3vj5z443p58l22dmzmbpjvp2729-libgetopt.a.drv
  /nix/store/x8z156d2j6jdbgjpdg8qpn7jnsixl0xk-crt-builder.drv
  /nix/store/nxnmlkxgx3sag011nblc9qdzm2n4gyc1-crt.drv
  /nix/store/q5vw71pn6828mpqzy0jmhqk7vhmh6d6x-tinycc-boot-mes-libs-unstable-2024-07-07-builder.drv
  /nix/store/5x29mx2gd40d2czfi0zyc9l58dk9330w-tinycc-boot-mes-libs-unstable-2024-07-07.drv
  /nix/store/bjc8i84bb6jnh1i3qg8cjlrjjdxx22bq-tinycc-boot0-unstable-2024-07-07-builder.drv
  /nix/store/0l34k7h5j6q5v2z62nycmljc5wqh5xsl-tinycc-boot0-unstable-2024-07-07.drv
  /nix/store/nhkgypjy4jshsf2456585xkfja5dfwy5-libc.a-builder.drv
  /nix/store/6lykzbpcmpg8bzxlhibf96xri3d3k6sg-libc.a.drv
  /nix/store/yi8m4j3x7ksfrzf7i8l905l05l4yfs82-crt-builder.drv
  /nix/store/bf3svqb80f7xfxaiyb5la5w7aaqm6rdk-crt.drv
  /nix/store/0il3m1vk0g99m1wd36lbhay2z9jxwlcs-libgetopt.a-builder.drv
  /nix/store/d14y8vpfg6frm2cvvjdmhajcmxjnxrbx-libgetopt.a.drv
  /nix/store/w53c22i4pcfhl2zqb7k9bcb68b5h64l8-libtcc1.a-builder.drv
  /nix/store/lbx3zx8kqf3g9hj8fk64jny3lj3f2v22-libtcc1.a.drv
  /nix/store/gpbjcaajjjl2iviwgmi21m5lhc05hljn-tinycc-boot0-libs-unstable-2024-07-07-builder.drv
  /nix/store/0l66lj2d5szifcn5n7b12z0zz1az9656-tinycc-boot0-libs-unstable-2024-07-07.drv
  /nix/store/xkfrk9y4k59vrxdfz4q2lradcnsygc99-tinycc-boot1-unstable-2024-07-07-builder.drv
  /nix/store/j1afwhpvqaxkbj0mqmjbc8s95radz2yl-tinycc-boot1-unstable-2024-07-07.drv
  /nix/store/dipc6gf1wqlcxm2qximla4vjxf1hcbax-libc.a-builder.drv
  /nix/store/3d3pihrlggvslps72rdpsm0xmrf8lnhm-libc.a.drv
  /nix/store/w1ikqpjknr8xbi15sk2qyd0qkmq94m9m-libtcc1.a-builder.drv
  /nix/store/8r05lbizar4p42s6vcqc5c3vvxw6mr65-libtcc1.a.drv
  /nix/store/wignb9bpy2y83qwixsgiabml57wbknjv-libgetopt.a-builder.drv
  /nix/store/hhlbiv75flpi91p8gf11g6m7sa7qna2w-libgetopt.a.drv
  /nix/store/54zbninnz5i47975x5gzfmal50q29zyq-crt-builder.drv
  /nix/store/r2bqnrxf9bpbq0h013h2yh6piacz49ql-crt.drv
  /nix/store/34vmg1140k58kb2j63gsp0f1n45rg5cc-tinycc-boot1-libs-unstable-2024-07-07-builder.drv
  /nix/store/z1k71ibnlv0616akq6fg0yk2clv2ppfj-tinycc-boot1-libs-unstable-2024-07-07.drv
  /nix/store/zm8ca8q83ik9bqhmc9a4zzvk180apwm6-tinycc-boot2-unstable-2024-07-07-builder.drv
  /nix/store/fj495b44lwa9hf18j49c68bx4gxwc7fs-tinycc-boot2-unstable-2024-07-07.drv
  /nix/store/zmqwzshi4c70c0f594xp5bl3xgj5r2h8-libtcc1.a-builder.drv
  /nix/store/75avwysha6izjqzi07c906k9js42dyq2-libtcc1.a.drv
  /nix/store/qiwh9dxqfa3657qajvfsbd4zaf2rqi9d-libgetopt.a-builder.drv
  /nix/store/gb6347xcjsb2dr9h86qh44lnbzaf3mbw-libgetopt.a.drv
  /nix/store/kxbdqvzm00n3ka41yqszgvfm4g44ili4-libc.a-builder.drv
  /nix/store/gv0k831vybd1djhcsn7kb3acx1q1z5d7-libc.a.drv
  /nix/store/6nz7fix73p045w536s53idblfknf8zcp-crt-builder.drv
  /nix/store/z71ygq0f15ygaq9yxqbssdqrryzx9xn9-crt.drv
  /nix/store/cqqnh2l20m98k54l0r7a73xicbrr5r3z-tinycc-boot2-libs-unstable-2024-07-07-builder.drv
  /nix/store/qx08mxrrg99z99qajmz2mpnli4xlnkxd-tinycc-boot2-libs-unstable-2024-07-07.drv
  /nix/store/8ia0abjkxn8nwhbvih4s5wpb4rgqyw26-tinycc-boot3-unstable-2024-07-07-builder.drv
  /nix/store/n6zlfnkcsf2gpqaal4jqrdk71h06vhfc-tinycc-boot3-unstable-2024-07-07.drv
  /nix/store/afmfwdjcy5j5ch5yrd8k51nh0shkgpv1-libgetopt.a-builder.drv
  /nix/store/nxw2yr1lk45ypcnira1m153ar8dwdzj2-libgetopt.a.drv
  /nix/store/i7i9xc2mcnjip3ffs7ikrfc8j896ifr3-libtcc1.a-builder.drv
  /nix/store/ssj4nwq1miqn3i5rhihvgd3mck7fwm40-libtcc1.a.drv
  /nix/store/r7byyllamzwvniamnjwf0ngscll0mjs4-crt-builder.drv
  /nix/store/xi58f9jv14p2pdq63g1d789m7jb3dxlr-crt.drv
  /nix/store/id646xlknkz05khl5vsqkvh9db4gz5jz-libc.a-builder.drv
  /nix/store/ygvpm2yg35mziv51ciadbpxa4kbdvwl7-libc.a.drv
  /nix/store/c9f499q7q1nz8wjkbkgd0hkhlpqpxmnd-tinycc-boot3-libs-unstable-2024-07-07-builder.drv
  /nix/store/r2xf2w2lpbazr9hv05x690j7jrpy595h-tinycc-boot3-libs-unstable-2024-07-07.drv
  /nix/store/a1zlf186cybnlgwqlxvybb3y6i5k1sjf-tinycc-bootstrappable-unstable-2024-07-07-builder.drv
  /nix/store/bgjwrca3m6p7r00sfk7s6fg78zfawxa9-tinycc-bootstrappable-unstable-2024-07-07.drv
  /nix/store/ahbb2x4llmfxmq8glzbzapp4xnx2x293-crt-builder.drv
  /nix/store/d8csphjlja3v3yr58916nfx80kiwgry1-crt.drv
  /nix/store/78wbbjsmjfyifwwg19zisls4m6bs266v-libc.a-builder.drv
  /nix/store/drr39sd38ib9m1rrfhlg72741s2xnb7g-libc.a.drv
  /nix/store/qvfqccw9xfc9jd2n2ska6v5bk8f52bl8-libgetopt.a-builder.drv
  /nix/store/iv1jc57sl4b5imgylsfnhzdmk37f3dg9-libgetopt.a.drv
  /nix/store/j77g0bas1ssjcvw321g1m9zj5g9qizlx-libtcc1.a-builder.drv
  /nix/store/vdqpafi8prhn23j4c071yifwcn00ri7f-libtcc1.a.drv
  /nix/store/4dcp8d7vc5n9pdigcrzjky366mpb4d8p-tinycc-bootstrappable-libs-unstable-2024-07-07-builder.drv
  /nix/store/midrq54p6py7mx6bcnfdf0j0dbashz81-tinycc-bootstrappable-libs-unstable-2024-07-07.drv
  /nix/store/d1simrxi41d15h88m043y00yd400fpd4-cb41cbfe717e4c00d7bb70035cda5ee5f0ff9341.tar.gz.drv
  /nix/store/5qbjq17pking8vfi5n2d1vsm6hknwdgs-tinycc-unstable-2025-12-03-source-builder.drv
  /nix/store/w5008ccs8cadyjvgpx3bzk9d387ml2dw-tinycc-unstable-2025-12-03-source.drv
  /nix/store/03iyd8lp5m91y4dlkkrp5axn1pn16khz-tccdefs-unstable-2025-12-03-builder.drv
  /nix/store/d2yrpi3davv5fspma2frdhdscjav6w0s-tccdefs-unstable-2025-12-03.drv
  /nix/store/8hvca5zvj9yc33mf32qfngnwly35l7rv-tinycc-mes-boot-unstable-2025-12-03-builder.drv
  /nix/store/wwqgham7gb49l0ydylkknmyxq989lmbg-tinycc-mes-boot-unstable-2025-12-03.drv
  /nix/store/p2w4wsi197vac6qkgwmr8kjbr0glvafy-libtcc1.a-builder.drv
  /nix/store/4qhihzw3lr6q3gycpr6lcfhndxdk7qdl-libtcc1.a.drv
  /nix/store/92nj358zg2ighg83c80g76hnxhqsingf-libc.a-builder.drv
  /nix/store/c5j5h0gl5i9r027zyn7lmj5983v548vp-libc.a.drv
  /nix/store/j5pakxwsg6ixphssx948iv60q497lvyg-crt-builder.drv
  /nix/store/n21cr0v5j5cy6x3px80m9zg1bfz6bn59-crt.drv
  /nix/store/nzzl4z2gkpzda9ilchlhg13yw1jng2ps-libgetopt.a-builder.drv
  /nix/store/qhw9kcn3w0bji9df170336i5rqnb1snb-libgetopt.a.drv
  /nix/store/zzpcr3cr60kqvw5rnx8jhvvmnhkrr0dr-tinycc-mes-boot-libs-unstable-2025-12-03-builder.drv
  /nix/store/dlsp3yw6y1qhswc6idpfg0shgbdmrmsm-tinycc-mes-boot-libs-unstable-2025-12-03.drv
  /nix/store/v3s7w0xs9ivj38ng1cq0xx1hc49szlr1-tinycc-mes-unstable-2025-12-03-builder.drv
  /nix/store/9d46md37a38ibk0zxjll9s58sfjf0jb6-tinycc-mes-unstable-2025-12-03.drv
  /nix/store/013mqc5ymx4cih72blz21l6ync49i3jg-expr-strcmp.patch.drv
  /nix/store/aspfvh0wlsi4w6kva34p3m9kkcxr7vym-sort-locale.patch.drv
  /nix/store/b147bn8sgyn2s58vy3cw59d89vrd482g-mbstate.patch.drv
  /nix/store/br3yqsjafxyhh91879brxq1xzbyjwlwb-ls-strcmp.patch.drv
  /nix/store/c672ird0l7wv8dr5idknpgnh1rhzlnqf-coreutils-5.0.tar.gz.drv
  /nix/store/lbn6dc55b8f36v2p2hkqbpk2z63wnjyx-touch-dereference.patch.drv
  /nix/store/qp9mn19nkyp680m55w409i550zni62gh-modechange.patch.drv
  /nix/store/vrkgrz8l2z0yq45fai507hpcaqp0i9cq-touch-getdate.patch.drv
  /nix/store/x7l0vwljyrwyncsxkyvzh6gmc1f8p2rw-main.mk.drv
  /nix/store/xfz5c7irzix5sakph3m18v0h400s6id6-uniq-fopen.patch.drv
  /nix/store/9s3dq2qqgzldiih6234z88rk5d9q4jjk-libgetopt.a-builder.drv
  /nix/store/0623pvccfhl94vg972csnqdjradpsdf2-libgetopt.a.drv
  /nix/store/vqjfb7g1xij1hi8b8ak63grkwkkaf3s3-libtcc1.a-builder.drv
  /nix/store/cm5ddm76bg800rrg9qfwh6jxi1lybllj-libtcc1.a.drv
  /nix/store/x5fkm1fmj4jm6k0jbj0inz3hpbmbadp7-crt-builder.drv
  /nix/store/hdb46nmm17s3kwq4ck4qk0wm3fjfw15v-crt.drv
  /nix/store/hjv0nwiddxfd9hgl0x2fx1spwhxs7lpj-libc.a-builder.drv
  /nix/store/mcb9mciwdmhmd16m0yr6d7pxqy6s3hnr-libc.a.drv
  /nix/store/hazdy76bgdqmqiria9lmgg5jl6ykxirc-tinycc-mes-libs-unstable-2025-12-03-builder.drv
  /nix/store/y0yxb5kxhvzffj19ggf3d7snxrc0xbjb-tinycc-mes-libs-unstable-2025-12-03.drv
  /nix/store/j7d18sh2cswmq89k6r7a9xhxfaipdjhk-bootstrap-coreutils-5.0-builder.drv
  /nix/store/whkczx14wnzmkchfys92zgas16rnzqw9-make-4.4.1.tar.gz.drv
  /nix/store/dssfydlc7dafzw5h9v8bcma1mwsg6jj2-gnumake-4.4.1-builder.drv
  /nix/store/m2khnp0iw665w7zjkyvil62v5wjlbl8i-patch-2.5.9.tar.gz.drv
  /nix/store/qpqnca9ayp12d6qhlx9amvb1lg63br9p-gnupatch-2.5.9-builder.drv
  /nix/store/zil1l444xh348yy1hvy5w5f0g2p72f9v-gnupatch-2.5.9.drv
  /nix/store/vix3mhga9d9pjgm0smc84w5608k8c7yb-gnumake-4.4.1.drv
  /nix/store/05z44243pvwk3qrcimv1cf5g3nxi5jjb-bootstrap-coreutils-5.0.drv
  /nix/store/2vknf2sz2fdbpqkpsph03x5qyp7pprzy-dev-tty.patch.drv
  /nix/store/377arxf1jfpbv6shjl3iczj9v07v07h1-locale.patch.drv
  /nix/store/3qg3iia0yapdaqy7wh3ysih94vi3ng0z-mes-libc.patch.drv
  /nix/store/80i37dl6zigax7nh3w81ysgbjjs6j3gl-tinycc.patch.drv
  /nix/store/8m1p5s3mfpbp48ihlp8bnp1ssqj6k409-main.mk.drv
  /nix/store/gfjavirn9zvghj3r86wbbpkhw9xpipzi-builtins.mk.drv
  /nix/store/mkwbpkxwzssdkc9c1rsx0s37kj951sz4-missing-defines.patch.drv
  /nix/store/rivkjf3vnb267xl9xpjwj8wyzis4y0hs-bash-2.05b.tar.gz.drv
  /nix/store/wa6xxcihyrcglxac311wc59lxsfssh9x-common.mk.drv
  /nix/store/nchz8bzhdvj6ml607yywi6d3gicj9l25-bash-2.05b-builder.drv
  /nix/store/6f6p45qkd5mhdwvfzgxdydwdpplccvgj-bash-2.05b.drv
  /nix/store/59pgig863abfc3p6lmz20vh8gjf2nsv1-musl-1.2.6.tar.gz.drv
  /nix/store/64w55pscmwz6wl53nh5x11n5qag8gylp-sed-4.0.9.tar.gz.drv
  /nix/store/fj69pic5k2hr161cw3spagly2cspp3x7-main.mk.drv
  /nix/store/agzpw52wkapzm6z6yjlmf5321gr7ngxd-gnused-mes-4.0.9.drv
  /nix/store/mvwqinqcy1zjvb5zmhji91rjnmzh0fqf-tar-1.12.tar.gz.drv
  /nix/store/pxxi73ah5w9h8987s2fdwspybf6jabvh-grep-2.4.tar.gz.drv
  /nix/store/zgf0vd9gfdd8qbj1m8a0rdjrgsl6xmds-gnugrep-2.4.drv
  /nix/store/7g9biqznf18jyzs1r19hhlbf1jvwyivl-gnutar-1.12.drv
  /nix/store/rvcb8pzv5f8ax35ggc1hdk2vh5n6fq25-gzip-1.2.4.tar.gz.drv
  /nix/store/qcz565439vz47snj3vky7rbdd4ihvxzl-gzip-1.2.4.drv
  /nix/store/zc4i6kv4525v20s2zh7fhxj1gcbcgggq-sigsetjmp.patch.drv
  /nix/store/jhnpyml16ir8hlv92jnkbag81hhjjvg5-musl-1.2.6.drv
  /nix/store/jmgi0aram7my7q2fzdbk4jjf24wygl3b-tinycc-musl-unstable-2025-12-03.drv
  /nix/store/lgd7h63qh3mjndrhj3q41h8g2xn1bar9-tinycc-musl-unstable-2025-12-03-compiler.drv
  /nix/store/whq0s6ghclpnf52df7f03msah0fqr4vs-tinycc-musl-unstable-2025-12-03-libs.drv
  /nix/store/hyz2fh44bhyj16rypvs556g2rr9sycv1-musl-1.2.6.drv
  /nix/store/s2hjwqhh6xz3h8dwl73r97g7191nm5pr-tinycc-musl-unstable-2025-12-03.drv
  /nix/store/a9zsjk7jcksa22bv35f7rhnbkhd71d66-tinycc-musl-unstable-2025-12-03-libs.drv
  /nix/store/fw6qa513xbkv6cmywc5bmnl42vn3is7a-make-4.4.1.tar.gz.drv
  /nix/store/dvl148vwwn460fa0zq13z8wlyrd2fz8k-gawk-3.0.6.tar.gz.drv
  /nix/store/midmv1nrkyyhi1q9lrqpnf3ybyaw71d2-gawk-mes-3.0.6.drv
  /nix/store/n9y1n1w3cwwlivnqhv98axp155wv1b76-sed-4.2.tar.gz.drv
  /nix/store/xqxb9q4f0izf8s15d3wqlg06vajd2i8y-tinycc-musl-unstable-2025-12-03-compiler.drv
  /nix/store/pip5q1b15n46rw6cbmz3jjk8mngqp7aw-gnused-4.2.drv
  /nix/store/s3jjrqw6ay6nllpng4f1m1cffa11bhsb-tar-1.12.tar.gz.drv
  /nix/store/rk3s60afwm2lzcsjpsbpdyaa90c21q4z-gnutar-musl-1.12.drv
  /nix/store/aw4a7hi7q0mb2ljazxq0in9f5v4905a5-gnumake-musl-4.4.1.drv
  /nix/store/9dvsrxv7mw64yqa5zyzwnws29kn4ry20-gawk-5.3.2.tar.gz.drv
  /nix/store/dwfbjv6d0lq8j2rl8a2fby44av7wsi5s-gawk-5.3.2.drv
  /nix/store/x2dafg049vyrb1sm6jkydck0b1da2zab-coreutils-9.10.tar.gz.drv
  /nix/store/5hb6x8w2nwci0ycqyswi0655f5fwq427-bootstrap-coreutils-musl-9.10.drv
  /nix/store/p93ssgf0b6f5bnzlsmb8zqfizhh9jfmr-xz-5.8.3.tar.gz.drv
  /nix/store/w365y1f87glj9bamxqsra4bi1vb40yfb-xz-5.8.3.drv
  /nix/store/yglzrih7p6n7myi80gidsxv1v8f4v1ka-diffutils-3.8.tar.xz.drv
  /nix/store/lbfmai4v1si6b59m6mkw3wm3c9wnzafx-diffutils-3.8.drv
  /nix/store/y84saga4qsmk7xrprd0qv8rgdqjk67g1-bash-5.3.tar.gz.drv
  /nix/store/32m0q1yk99rgsqmzyq51wra1r3wl4wcn-bash-5.3.drv
  /nix/store/winwi7l97nmy056ljjgi0pamca39d14k-findutils-4.10.0.tar.xz.drv
  /nix/store/3b64bfwipp7q9mg90in1ql80pjpf61rh-findutils-4.10.0.drv
  /nix/store/6a6diq15i1w6piy38bf29s6y8sjfsxa5-bash-5.3.tar.gz.drv
  /nix/store/37zapxlhmx12r050xsjw39n4vw3nck3a-mpc-1.0.3.tar.gz.drv
  /nix/store/cxpi1vdfflr3zh9xhgsqz44vqjk0jfk8-mpfr-2.4.2.tar.gz.drv
  /nix/store/ia4sjsi3cl16751r14yfv92603830nnn-gmp-4.3.2.tar.gz.drv
  /nix/store/l3c18sdal1zr6930p31awpmz1ncs68wy-gcc-core-4.6.4.tar.gz.drv
  /nix/store/cblshqv4b81g5gxis3zpb4inagkaffi1-binutils-2.46.0.tar.xz.drv
  /nix/store/pn965mb6xjn8rshplzgkpaxzvsyllw5b-binutils-2.46.0.drv
  /nix/store/yp4zsyn8fp1v5y8zpvp430lv339lvr7p-gcc-g++-4.6.4.tar.gz.drv
  /nix/store/dw1svlfqc039xjlmpkb6d083p1vm8xnz-gcc-4.6.4.drv
  /nix/store/04bcrimr605ajc3lc58ssm5q9sr2l72d-musl-1.2.6.drv
  /nix/store/4m76wqg80yx0yg0wv4z6kqc1y78yd58p-tar-1.35.tar.gz.drv
  /nix/store/9cn8f77wchafa0b75qmwfazpb324k9sg-gnutar-1.35.drv
  /nix/store/1hgh3ynq1lsicaxr0r5pdbvkbbhb0vrr-gmp-6.3.0.tar.xz.drv
  /nix/store/19vlv640sa5fr6cpnr14s166v9vd2p9m-bzip2-1.0.8.tar.gz.drv
  /nix/store/f1wmf8yb3i8ajzzq116zwli429rkbbs7-bzip2-1.0.8.drv
  /nix/store/fkwbgmnzkpm9qkcx4wm8slcc5cc6hazi-gcc-cxx-4.6.4.drv
  /nix/store/hi93kfb0mz4b8b5mk060cl972p05bplr-mpc-1.4.1.tar.xz.drv
  /nix/store/ma479p2ss57bs6afjmhhi1xg27vin41s-gcc-10.4.0.tar.xz.drv
  /nix/store/q3px40945ahyqcfk1jd5i0ysarphz9dv-mpfr-4.2.2.tar.xz.drv
  /nix/store/r1rf2p01za5ckcbz87fjvdnz2mpvy3bz-gmp-6.2.1.tar.xz.drv
  /nix/store/2rnfwi41553nv1pcqgvw19iyf7f85f38-gcc-10.4.0.drv
  /nix/store/7phzalh1qn4zf6shvf2lna0c44a9h3b3-gcc-15.3.0.tar.xz.drv
  /nix/store/rwjnwrzacs0s76sfd52gpqw45q0r249y-gcc-15.3.0.drv
  /nix/store/db7ybjgpihdmgpzsqmjyfi8zsiamxcxb-gcc-wrapper-15.3.0.drv
  /nix/store/77662gzmrfc4fp8rph0z59y2zs0ls2iy-bash-static-5.3.drv
  /nix/store/1h7b1zv9ixnpd7fhcqs6cah7qc797nsr-binutils-static-2.46.0.drv
  /nix/store/h7ijrlrjxvy87frncwpqivqxn9zaqx5x-patch-2.8.tar.xz.drv
  /nix/store/5sradipihj3v1dd23qkqn9c0mr388fdv-gnupatch-static-2.8.drv
  /nix/store/q1rm5rl861j6yy2mi0avl6n6p2s32pf7-xz-5.8.3.tar.xz.drv
  /nix/store/0rjn4fs706rp2zf5xfyycf1pfqnkjmgg-linux-6.5.6.tar.xz.drv
  /nix/store/3bcdilxfjvg6bdn4m92gsass5vnidgwp-linux-headers-6.5.6.drv
  /nix/store/a5h3axn2hasw58djpdpf1zajbf7cv5bs-coreutils-static-9.10.drv
  /nix/store/abzkqdahr3a2gjkds4r39iy91i76cg37-gnumake-static-4.4.1.drv
  /nix/store/acffs278bg8b162fryvhy6cy88lqdwgp-gnutar-static-1.35.drv
  /nix/store/awwi2azw84668k9xsi1r1yxv23w3zpp9-findutils-static-4.10.0.drv
  /nix/store/fjjd3374fmp8572pj0rlld8g14l9iy1l-xz-5.8.3.drv
  /nix/store/vsbymyzgxr2pbsbdk5zfn74nb73njni5-grep-3.12.tar.xz.drv
  /nix/store/m97xdaiyvj5dlkvx7cjgjs9kadq5mb18-gnugrep-static-3.12.drv
  /nix/store/iv3hf1ml1fdmiwipnbz2g6ijaxy0kss8-sed-4.9.tar.xz.drv
  /nix/store/my5w5xg89xvxic5jzjkgx6kcr5pv1p9i-gnused-static-4.9.drv
  /nix/store/mbfqb9y6ryn2axyvg797s3lw1w49liz5-gzip-1.14.tar.xz.drv
  /nix/store/ncvq7afyjpy2hd96m2fh6lgd8idxafw8-gzip-static-1.14.drv
  /nix/store/0p6bbqs599hggq6xvxn67x91pxszgqil-bison-3.8.2.tar.xz.drv
  /nix/store/gr7p5aghmkv93kv5vmq42nn0b3372k3c-m4-1.4.21.tar.xz.drv
  /nix/store/z3d9g23wjgj45mwz4npqxjx17rrlhjcc-gnum4-1.4.21.drv
  /nix/store/2rz3vqc9w13ikh873f3d3jjwzim36b8j-bison-3.8.2.drv
  /nix/store/haldh962ah38jwv0i8f72nr68nn7vw9r-Python-3.14.4.tar.xz.drv
  /nix/store/3ff9aq5jx5hs2fdl2yfqpl1nh7dfkh68-zlib-1.3.2.tar.xz.drv
  /nix/store/qqjf0lfs1hrmfmwgbpw4nw1iqdy4ychn-zlib-1.3.2.drv
  /nix/store/g866wizp12x1av5d3g2r7kc76l6abjig-python-3.14.4.drv
  /nix/store/m4pkby9pv0nwasab4jrr4l2z9qghmqjg-glibc-2.42.tar.xz.drv
  /nix/store/dfgbpbskmspj4p33ngbay0bxzbfirc6p-glibc-2.42.drv
  /nix/store/q4zscigjz1dfsc7bmxzvcjlm6s9lf2a8-gcc-15.3.0.drv
  /nix/store/qq0qc6inmbdfczapwm82ccwdarmbyi2s-bzip2-static-1.0.8.drv
  /nix/store/mag3pq29n9f6jw0rb17crny8ilm4kfjy-diffutils-3.12.tar.xz.drv
  /nix/store/r4adbrbxw5w964m400hrfs2jiyfklj9h-diffutils-static-3.12.drv
  /nix/store/fxhhf9vlwrvj4q9c5smk87kmk4h9k63b-patchelf-0.18.0.tar.gz.drv
  /nix/store/xdb17mqsnr2347mmdpx67hgzbafgs4g1-patchelf-static-0.18.0.drv
  /nix/store/yf048dydz0ywfndn470ymrr69r638p22-gawk-static-5.3.2.drv
  /nix/store/1q207p334hry1rg81fkqnjxnxiqgdv32-bootstrap-stage0-stdenv-linux.drv
  /nix/store/bamwxswxacs3cjdcydv0z7bj22d7g2kc-config.guess-948ae97.drv
  /nix/store/yc26mmd90j34abl3kxc04f9ijn0ccvr9-bootstrap-stage0-glibc-minimal-bootstrap.drv
  /nix/store/kr5sj7ypx4xyml1brmmqwrhbnnnarfld-bootstrap-stage0-stdenv-linux-no-cc.drv
  /nix/store/yd30m1fv04c4fzpgsbcwjpyygaqdilpa-bootstrap-stage0-binutils-wrapper-2.46.0.drv
  /nix/store/1q7i1gd0xva5rfjymncxlvmhdjj2c6ra-bootstrap-stage1-gcc-wrapper-15.3.0.drv
  /nix/store/nbsdqpfzh1jlpmh95s69b3iivfcvv3lh-config.sub-948ae97.drv
  /nix/store/p2p2q9n6cimlq0nraw0pmhz1hmp8vfm7-gnu-config-2024-01-01.drv
  /nix/store/p8gw8flxgm0wbgd003m9mcwxdwnql4qr-update-autotools-gnu-config-scripts-hook.drv
  /nix/store/md45gja1bdn0968b6wm2187d32mq82cb-bootstrap-stage1-stdenv-linux.drv
  /nix/store/gnb9bpnb55yn8r574ariyai0b31y5c36-gnu-config-2024-01-01.drv
  /nix/store/sd0m8c1vwf4wjhm4bvq9ykkwi420xcxr-bootstrap-stage1-stdenv-linux-no-cc.drv
  /nix/store/7mgqsgnpv4fifqxx2v7whh3adg9g6fvl-update-autotools-gnu-config-scripts-hook.drv
  /nix/store/8i69w0blqfxci2bp0c2x9av0macx15n6-expand-response-params.drv
  /nix/store/cqix4j8f9g8cap7xd8ygs146qp9pyv2m-bootstrap-stage-xgcc-gcc-wrapper-15.3.0.drv
  /nix/store/jwkd5h0slg6dhpjrmlssd0767jj628np-bootstrap-stage-xgcc-stdenv-linux.drv
  /nix/store/3ynnz3prlqzyg94vr6lhk953sln3vg6b-expand-response-params.drv
  /nix/store/6a45h26nr0vxbpca7p0pifr0pcx2hn39-gnu-config-2024-01-01.drv
  /nix/store/pnbfhignrmjham6inpp80fww5dlchkfv-bootstrap-stage-xgcc-stdenv-linux-no-cc.drv
  /nix/store/mlx2kjkj0mbqf9mgwnvmim19h7f3sg54-update-autotools-gnu-config-scripts-hook.drv
  /nix/store/2iwpbla82i9c0k2rr28cc72qzyrd0821-bootstrap-stage2-stdenv-linux-no-cc.drv
  /nix/store/akag406i2x9yrv04yz1ydq9hnh63pkks-zlib-1.3.2.tar.gz.drv
  /nix/store/8l4s879xrb7qf4m7qc49y106f6b5i53w-zlib-1.3.2.drv
  /nix/store/5m6vm7vkilsgas517yf8f321k5r3g1m3-bash53-003.drv
  /nix/store/6s1mm4ahy4k9yfmlqpykmn0l68akv1s8-bash53-013.drv
  /nix/store/bkijx1mlrhppg2b1zandixpz9w2lxnvi-m4-1.4.21.tar.bz2.drv
  /nix/store/8kb71msx7i0xy39apsh02mp22shiv824-gnum4-1.4.21.drv
  /nix/store/3fiaam5rvj8yfacngwr7p9vs11zd8n5g-Compress-Raw-Zlib-2.222.tar.gz.drv
  /nix/store/4y9kzg6h4wxyfpvw3ml99ia9cgn8p6n7-perl-5.42.0.tar.gz.drv
  /nix/store/7zi2040j4zk02fj86pngxpw091rkr8ms-IO-Compress-2.220.tar.gz.drv
  /nix/store/kbadg0bs1m129vqy9gjrihf30z1zy1rm-Compress-Raw-Bzip2-2.218.tar.gz.drv
  /nix/store/m60kxbwzc815289i46idwnk79ss0bdqz-HTTP-Tiny-0.094.tar.gz.drv
  /nix/store/slcx8fdqr59dwcslw1iw9gvm9iswkrmy-Archive-Tar-3.12.tar.gz.drv
  /nix/store/cmcqf1ww3gsryvwaxzxw9s0wrc03lxg5-perl-5.42.0.drv
  /nix/store/vgjfnqbxgxa8a5575bhq07nm35b2l31m-bison-3.8.2.tar.gz.drv
  /nix/store/9dw4hdhmysknzq77b54b46991vbmm81r-bison-3.8.2.drv
  /nix/store/avf6vbj4jmpnn5cdsjyj2693samnvqsa-bash53-001.drv
  /nix/store/avmqlilnsjmv8lg7442mjb21qx981d2j-bash53-007.drv
  /nix/store/blms51zrxh2kpwnq7cipavjyjnk29s2l-bash53-014.drv
  /nix/store/g908mibpivcgjvswrlcdcrwsqc2sz9h9-bash53-011.drv
  /nix/store/gz4h4m6qy9fydbc3hn9y9bi8z8k71sav-bash53-012.drv
  /nix/store/gz9irkx06fl1lavrwxkghxnmlm4h5fgh-bash53-008.drv
  /nix/store/ii3jsqp9rrwv0g21lwbvb94ddg8c5m7n-bash53-002.drv
  /nix/store/lw7n1gm9yimbrnr00h6l6pb4c9hkb6dc-bash53-009.drv
  /nix/store/m1gq6x7srswfl66arij6spxqnrp7sdcl-bash53-006.drv
  /nix/store/n9w1dvf9k6617mqdqj9vr74ajzpq2b3a-bash53-004.drv
  /nix/store/pp2iclfajlyyrq0fkka5caw9dsg7pcw6-bash53-015.drv
  /nix/store/sf7cx6m8hjb2f8m0fhq0d2lwndq61xbg-bash53-005.drv
  /nix/store/sxlbn3vjbnxp6nmbmlk2g36fsjywbbdz-bash53-010.drv
  /nix/store/0zpfrprrvr64401jmb0vcz8gadjkjpc4-bash-5.3p15.drv
  /nix/store/zdbga6f8g5jysvhngmnjlwmj674bzds2-gettext-1.0.tar.gz.drv
  /nix/store/90f9jd5k6rpl1ngscqf995mf0jqpf06n-gettext-1.0.drv
  /nix/store/vr93scipsw4jv37apjfhxy5nspn09y8i-binutils-with-gold-2.46.tar.bz2.drv
  /nix/store/9wsl94mppjy3cga4xszps4lx9g5hix13-binutils-2.46.drv
  /nix/store/cygygv5v2ax4vk73hdw0a5mlih0rfp0c-binutils-wrapper-2.46.drv
  /nix/store/1vznijx3b75xfh8vgwlfjjjalb6gnvrs-gcc-15.3.0.tar.xz.drv
  /nix/store/896vsnl7w7rhd17b65j8sp3g4kc0zh35-texinfo-7.2.tar.xz.drv
  /nix/store/278vsf1i0ri7iail7g14xmz8qar5kxlh-texinfo-7.2.drv
  /nix/store/55d91flpk4776srkw66wdx69wll7b5zr-libxcrypt-4.5.2.tar.xz.drv
  /nix/store/2cqbg1ls807mhmf4aqhm2y1n54x3wax0-libxcrypt-4.5.2.drv
  /nix/store/xxhiqr9dpspczv04sx2n7g2lsqf0x8d2-which-2.25.tar.gz.drv
  /nix/store/72k0wqw4cgq0nxazzv53qf23iy8ps2iw-which-2.25.drv
  /nix/store/crv7jn18swq91yzg22s8y9zyzz0dzca9-nuke-refs.drv
  /nix/store/0i89ydplmfyhw5rykihdpcr1ndki1bp3-patchelf-0.15.2.tar.bz2.drv
  /nix/store/jmx9hfssjp9x2ppvfnkgn392mcp3dsnb-patchelf-0.15.2.drv
  /nix/store/jrr61c4rbw3c7gc9g067y2s1klqzw9hn-bash-5.3p15.drv
  /nix/store/ixwy12didmgk7j4z7ghlirpw46ahmhbd-mpfr-4.2.2.tar.xz.drv
  /nix/store/z4x4wa4ahsc6xn40j847dsrnagxd41w0-gmp-6.3.0.tar.bz2.drv
  /nix/store/sapdiqh4cshzk9n8pnhrmr139s1i2als-gmp-6.3.0.drv
  /nix/store/s2sn8wylmivnvr02nxg5vad07577z2hi-mpfr-4.2.2.drv
  /nix/store/mcdvws25lmfhl8jnhjvczp52p65ycivj-libmpc-1.4.1.drv
  /nix/store/qxz8v1gxrrw9j138k2ajl36vcajra8mb-isl-0.20.tar.xz.drv
  /nix/store/mi3gr16b8wfmlcay4pzlmgksas62z2dq-isl-0.20.drv
  /nix/store/6kxn0zj4ipzpg2p4csxzy64njknwydy6-autoconf-2.69.tar.xz.drv
  /nix/store/qkdjd444jp236w2xbgxp1432m60rb4dh-autoconf-2.69.drv
  /nix/store/sx8mymq1ada2v9n6j1l5vp7pv67i6n8s-xgcc-15.3.0.drv
  /nix/store/h596ab9knshin60zag08ln4qcs35hhrw-bootstrap-stage2-gcc-wrapper-15.3.0.drv
  /nix/store/svn37n125i7g3iin7g1x3f9jzrf7lp6d-linux-7.1.tar.xz.drv
  /nix/store/6g55vxgqawyki0licrzxam6nxspy9zg9-linux-headers-7.1.drv
  /nix/store/imyy7rg9gyf2qyhg3jjnmal8grabvra9-glibc-2.42.tar.xz.drv
  /nix/store/2s5wx49znk1dfrm4j3vi5hdwbibyqmb3-Python-3.14.6.tar.xz.drv
  /nix/store/v9flj594xmyp4lcq199wnlp1bkgzn6sk-bootstrap-stage2-stdenv-linux.drv
  /nix/store/rmcbrbff457ik178d26w4mzl9v203ksk-gnu-config-2024-01-01.drv
  /nix/store/ln45p3hr84x848r5jr8c29i4b38inhrz-update-autotools-gnu-config-scripts-hook.drv
  /nix/store/3z9lsxvzb28s666q8scb4xff2j9g8lsr-bash-5.3p15.drv
  /nix/store/p8q0ya5vy9z69i60w0kdsf0jykn31bk9-setup-hook.sh.drv
  /nix/store/rlzbd0w3ip5r74lm82b3d84rxfz3v7fz-python-setup-hook.sh.drv
  /nix/store/j6qdp5ym381h982y2spp57q5vmzb2dig-python3-minimal-3.14.6.drv
  /nix/store/3xs5n9hmbbmc5qis9zzs764ilbjk0v72-libidn2-2.3.8.tar.gz.drv
  /nix/store/qz79wfs8m2slxb6rcc005b7k5zsv0p4d-bootstrap-stage0-glibc-iconv-minimal-bootstrap.drv
  /nix/store/z6v5624dkfqg57qjzg6fadpxp07axkhv-libunistring-1.4.2.tar.gz.drv
  /nix/store/66r3l8q4ik50hk9qbapv1d9cp3a673yw-libunistring-1.4.2.drv
  /nix/store/vlh6mz3hsfga23kh6i9fpcahq6vyipm4-libidn2-2.3.8.drv
  /nix/store/v5prphdwl6wifg0w97ji583d24q2rcxa-glibc-2.42-67.drv
  /nix/store/7w0ib3wkbxjqrqki1d734s2ynxcvsjhm-binutils-patchelfed-ld-2.46.drv
  /nix/store/808df4fy7b9fq856cy6y1b32qmagj36h-binutils-patchelfed-ld-wrapper-2.46.drv
  /nix/store/fwb955wpr5pn3byrrd63sir7qdvi9ynz-expand-response-params.drv
  /nix/store/5n8ldacl2lnl571b2gh2fnpahiimwjss-bootstrap-stage3-gcc-wrapper-15.3.0.drv
  /nix/store/w1sxfkzyhr2f65nviyxg81fny2vv00sa-patchelf-0.15.2.drv
  /nix/store/q7avr8ywkfxkmbdcwygv0mxz1ik4c1ax-bootstrap-stage3-stdenv-linux.drv
  /nix/store/5vgh36qfi31sa5344pgf1c4nyf7n9k1h-xz-5.8.3.drv
  /nix/store/hj82c85sdd11my9wpl12m6w3fw9hix6k-expand-response-params.drv
  /nix/store/k0x1ilknb7xajqgnw0b1rim203yvjpqb-gmp-6.3.0.drv
  /nix/store/kkhcdg93bsfyx1dq3i5hx3mm8kvn2lc3-bootstrap-stage3-stdenv-linux-no-cc.drv
  /nix/store/kxmp24c5a9r41w51n0arvv615qmi67m6-gnu-config-2024-01-01.drv
  /nix/store/vqa09kzzfknvhi16j4p3g0mkpa6238nv-update-autotools-gnu-config-scripts-hook.drv
  /nix/store/xqdv5cc9i0np50cnnfhpzzmlpzaw37xf-mpfr-4.2.2.drv
  /nix/store/alvzs624fqlajk2r6bwn9bcr6havm7cf-libmpc-1.4.1.drv
  /nix/store/ci197frcvd7p89gcdccjrswwh1sq4fc3-isl-0.20.drv
  /nix/store/gwxr8k7z6lvjwj5ckqq70gsnijw8ima2-zlib-1.3.2.drv
  /nix/store/ic6h510xagj8ral4j55jivrafgbzspqi-bash-5.3p15.drv
  /nix/store/j5g8kacxz8wj3vsnjvdpss01dfjggivh-gettext-1.0.drv
  /nix/store/y65lnqllnlz1l0hr1ivlkc647vvqfisx-texinfo-7.2.drv
  /nix/store/zcr36lnqmmzfh4dnw6dxrj7hdgablfmv-gcc-15.3.0.drv
  /nix/store/ggvx4yw10jkmr1sg18k5w6507ss76pqj-bootstrap-stage4-gcc-wrapper-15.3.0.drv
  /nix/store/7xf5xhm74rwf0h61g8rdl5rcsxs97f53-bootstrap-stage4-stdenv-linux.drv
  /nix/store/h9pi30pwdc7am2w83s28ssxccdkshj3h-xz-5.8.3.drv
  /nix/store/nrzw5jvb658mcbcb1zmb4wr6npall939-gnu-config-2024-01-01.drv
  /nix/store/rl6dfhziszdgsr7qzfc1ziiqwj0zip59-bootstrap-stage4-stdenv-linux-no-cc.drv
  /nix/store/xq6hb98d8z6iqp4jmvy1nbdp28vprg83-update-autotools-gnu-config-scripts-hook.drv
  /nix/store/4wakc4jqkw3sva9f746mln5r9zs5qwxz-bash-5.3p15.drv
  /nix/store/fv1nw0d5pd7a42lc60ag55ycrcw3ivg2-file-5.48.tar.gz.drv
  /nix/store/nnv78d2kcvk0v3agmfj3vgiciqhnll73-file-5.48.drv
  /nix/store/x90nz1zq0pa7hq62kq5pxdv249sx7km8-libtool-2.6.2.tar.gz.drv
  /nix/store/3607w3gd7imn1b14p2ddm7zlhplgl4wq-libtool-2.6.2.drv
  /nix/store/2rmk35vbqb6q9r4aqmsz7iicmi44jx6d-automake-1.18.1.tar.xz.drv
  /nix/store/8i626qf2c7brpja4dj16wzyipg7i5s3s-autoconf-2.73.tar.xz.drv
  /nix/store/9q1v3g4gfz3vfgjbim0cf737wyx29nmg-autoconf-2.73.drv
  /nix/store/9k54qachv40fnjihla74n3cnw8icnpyk-automake-1.18.1.drv
  /nix/store/71bbp1zrlqk2qlz8vv2df5wncxgci0k9-autoreconf-hook.drv
  /nix/store/0c1rgsk0dm2i9gc3yqqgks66qkidnmva-lzip-1.26.tar.gz.drv
  /nix/store/cimaa1wmqk9kan4wxzmj6jgmjwjpwx60-lzip-1.26.drv
  /nix/store/j9fv75h81b9rz9kjfcgxpc9vaxz0jywk-ed-1.22.5.tar.lz.drv
  /nix/store/maf13n41r3vny0653i6h3lvisvhy3ss7-ed-1.22.5.drv
  /nix/store/1d8pg5a98z1b95mvygixrqidbqqmlzsc-patch-2.8.drv
  /nix/store/mhrxc5w6drwi4m5ykbdrayz7869i9mx9-bzip2-1.0.8.tar.gz.drv
  /nix/store/2s49z6gp64b6akj3nnwwkh8r0b0mkb84-bzip2-1.0.8.drv
  /nix/store/9rdcjdvbn3i58jki3bvrmyypl4vpaaph-acl-2.4.0.tar.gz.drv
  /nix/store/bvzg0d622kybqjixak41y409cmwi6chp-attr-2.6.0.tar.gz.drv
  /nix/store/wbnjs7j1knxznyw6djnmd51n8zw7z8ay-attr-2.6.0.drv
  /nix/store/aw6hapd3j32bjaxs7kxv71mfmqww5fq6-acl-2.4.0.drv
  /nix/store/yinhkv7c6m00fq9wv1lzxxa4lhzgvxff-gmp-with-cxx-6.3.0.drv
  /nix/store/wpdcwb9xd1gy3lhr514q4xzpy7s188v8-coreutils-9.11.drv
  /nix/store/3b51xh54bhsjynp79bab1003ijjl168k-version-check-hook.drv
  /nix/store/72cmq1ms8qih2svpnw3v1rs9a035h2gy-tar-1.35.tar.xz.drv
  /nix/store/6xqfv2ms38g3b2i0z7fmrcmv714m8hzj-gnutar-1.35.drv
  /nix/store/0ibwnm5f9q4r7j2d6v3239wgk59yn0xx-heirloom-devtools-070527.tar.bz2.drv
  /nix/store/6c9czp98fd8gahfd13lkqhpq30ygckqm-lex_remove_wchar.patch.drv
  /nix/store/m7qhh4k03ymh4myrj8nnanzgr2pcx5pp-yacc_remove_wchar.patch.drv
  /nix/store/ryavgxr0jzp6fi7qp174zm46zhiig1g4-heirloom-devtools-070527-builder.drv
  /nix/store/7lglqy7mxi4kiifwnvx7wkc2c59hc41g-heirloom-devtools-070527.drv
  /nix/store/kxzvg327v044h162z0szp83b435cbdmw-sed-4.10.tar.xz.drv
  /nix/store/8a41q43mxgkvi3a1pihlp9xiakgqvggx-gnused-4.10.drv
  /nix/store/8bx9px44bx246limqmkk1cfhdy3i9dnw-musl-1.2.6.drv
  /nix/store/q3wlzzqkgn8z4bxscq9mz7vhk8lbqhny-findutils-4.11.0.tar.xz.drv
  /nix/store/9r7d46zm511wiswj14h7p54c9krvhyb4-findutils-4.11.0.drv
  /nix/store/aiyzffjxb2djvpsi010b29234mzwpwmi-diffutils-3.12.drv
  /nix/store/py49bk57jmqrqf0kiw9lzr1w4zq4cbic-locales-setup-hook.sh.drv
  /nix/store/7dwkmjrp339i29z54c90h2wc58j5ivg4-glibc-locales-2.42-67.drv
  /nix/store/h0jqkkg8n6pgzkbnk7v1wsiqwp2s0iys-pcre2-10.47.tar.bz2.drv
  /nix/store/dnn77cf2l4164d255lssfknlfrh3ndi7-pcre2-10.47.drv
  /nix/store/pf73lcav99r5znp9qydcvhww9n335dd1-glibc-iconv-2.42.drv
  /nix/store/az7qpsszbkj34xgp7cb129n9v79jrgjy-gnugrep-3.12.drv
  /nix/store/b971xv052nqallq33448qihpfk89wgcx-binutils-2.46.drv
  /nix/store/gcnpf8vnvwwjsmz16qxcmr7vb84vycjf-binutils-wrapper-2.46.drv
  /nix/store/cxh8cwlp0z4a7xl6bk7zsqr7ci1hzdq6-make-4.4.1.tar.gz.drv
  /nix/store/1ksfh6pfihx7c86yciffispgp8awzxwl-pkg-config-role-hook.drv
  /nix/store/579fip6nqym2bjnkag27xz2lj813al8k-pkgs-config-setup-hook.drv
  /nix/store/3g4wyqg0cbnk01jvm0zhcwvl0k6zs24m-expand-response-params.drv
  /nix/store/5mxrdyrhz5g30g0mvhjyb4kk7qlb9jn5-utils.bash.drv
  /nix/store/98gfxxg1hp9wm7aalack5qk9yxpsfzp2-add-flags.sh.drv
  /nix/store/6b29gjz7rj4mw0ch0vy2m6qrqipz2bbb-pkg-config-0.29.2.tar.gz.drv
  /nix/store/nrmd3sbdxyk2ks6bz99jkq7420ny018c-pkg-config-0.29.2.drv
  /nix/store/hp72wb74y3g2pqni4r9l05g5yqncyxkb-pkg-config-wrapper-0.29.2.drv
  /nix/store/gsnqahkqirq71p3c0kmr82pnf1zfq34x-gnumake-4.4.1.drv
  /nix/store/gxgp71ysiqxzabs1ghqdlzyy48m6pj4x-patchelf-0.15.2.drv
  /nix/store/m6sapai1yb8bvhhn67j14dbd3bwf4vg1-gawk-5.4.1.tar.xz.drv
  /nix/store/kah7zxhfvwg14yf9vfd1683kzi8imqdx-gawk-5.4.1.drv
  /nix/store/b9bd2bl75650mdckkiqshw1bld86vn0r-heirloom-070715.tar.bz2.drv
  /nix/store/kq2n8nnrj5qrrygdgky09hr2ywxphi81-heirloom-070715.drv
  /nix/store/n18xjhfw60j5sh6rpw3bhpn9smna8w2x-gcc-wrapper-15.3.0.drv
  /nix/store/wvf5rk8d8vqvwb267vm5zgw4111jy7vd-tinycc-boot-mes-get-version-unstable-2024-07-07-builder.drv
  /nix/store/6w4n0m8zxqm57drc99dqs1bpq6sab0fl-tinycc-boot-mes-get-version-unstable-2024-07-07.drv
  /nix/store/jf532ikv74lfhjza8md778aaq2kvp49b-tinycc-boot0-chain-unstable-2024-07-07-builder.drv
  /nix/store/8mr8fh9jjmdhaf64mfmngkdr65gr69hh-tinycc-boot0-chain-unstable-2024-07-07.drv
  /nix/store/w06cl4z067828f4wg00sn36mppfbcara-tinycc-boot1-chain-unstable-2024-07-07-builder.drv
  /nix/store/ry7vw9dj4pp91xj533lsxagh8qwj1sm4-tinycc-boot1-chain-unstable-2024-07-07.drv
  /nix/store/dgdrp6w0pckdn7cmr16z591c5jpm33ph-tinycc-boot2-chain-unstable-2024-07-07-builder.drv
  /nix/store/pyb87pfgk2qpd1agajyw4hjvvr0g0ndv-tinycc-boot2-chain-unstable-2024-07-07.drv
  /nix/store/v1vz4grb27h2ckmzfjacp4wpjqg7fs2h-tinycc-boot3-chain-unstable-2024-07-07-builder.drv
  /nix/store/2ad873mx82dskmgh0jdlcdff0h60lq6l-tinycc-boot3-chain-unstable-2024-07-07.drv
  /nix/store/5nplayq4f31y18xr7626xly0j7nzlq5k-tinycc-bootstrappable-chain-unstable-2024-07-07-builder.drv
  /nix/store/sl45q3babcz2q18ab855p5k1h9wr0gwd-tinycc-bootstrappable-chain-unstable-2024-07-07.drv
  /nix/store/0p1md4mw700wbkbhrabkzn10v3ai8ff7-tinycc-mes-boot-chain-unstable-2025-12-03-builder.drv
  /nix/store/2s4s5c1471wm0vdbycvfljwiqgfq0fys-tinycc-mes-boot-chain-unstable-2025-12-03.drv
  /nix/store/7s718y34w2zc554qmj9aq1g427ln9nps-tinycc-mes-chain-unstable-2025-12-03-builder.drv
  /nix/store/19k3cjk973lmqfb66sbgc8q4px01nxxb-tinycc-mes-chain-unstable-2025-12-03.drv
  /nix/store/3gil9hvhpypzl1n1gfwp1lpbyl06xbz4-bash-get-version-5.3.drv
  /nix/store/4ragpawx2pp3pbkhp4zr4sdpxwjri93b-bootstrap-coreutils-musl-get-version-9.10.drv
  /nix/store/5f6bqnb6vd0vvzajnzq16vimk40lbvfr-bzip2-get-version-1.0.8.drv
  /nix/store/6lsxx9m0cr8695n24g84lymy3m3pmbaq-tinycc-musl-simple-program-unstable-2025-12-03.drv
  /nix/store/96df860v36nrnnmfks2asqvmdcj7kg5y-bison-get-version-3.8.2.drv
  /nix/store/c24blv1gyzp506hb7160y5x2cvdg3cm5-gzip-get-version-1.2.4.drv
  /nix/store/c7rrsh1fqgiir6sanc2lazc01l0d1w46-gnutar-get-version-1.35.drv
  /nix/store/dx227ppfm76h29i19bkk7x8x01qhd3x3-python-get-version-3.14.4.drv
  /nix/store/dxvxr1vinlf31dd1g667iq2r0qy183w3-heirloom-get-version-070715.drv
  /nix/store/fd9qcmid069w4rm69fjwsz683craf2hi-binutils-get-version-2.46.0.drv
  /nix/store/gskx5n0xbxs0yvr6hhrc2cbs4l34rq4d-musl-simple-program-1.2.6.drv
  /nix/store/l0rq88l43hfrdaywci9zzjglkw56gwc0-mes-get-version-0.27.1-builder.drv
  /nix/store/h284fqqiy6psckskgzjbbsidi2054msg-mes-get-version-0.27.1.drv
  /nix/store/hk58a4fggz3k6mpvg1n0c9ibgd1r95wc-gnugrep-get-version-2.4.drv
  /nix/store/idnzzjip41rz4qssfwslbnz42g9p06yk-gnumake-musl-get-version-4.4.1.drv
  /nix/store/ipf22b982hddz53qk6wyzvdjzb83dki1-gawk-mes-get-version-3.0.6.drv
  /nix/store/lprf8vca79g16xjpdsy6l6riqx7dx3dg-gnused-get-version-4.2.drv
  /nix/store/pv25rpfhw2qly7k5092x1fsyq06zhagg-gnused-mes-get-version-4.0.9.drv
  /nix/store/pv8qyvza45pklmsv6xily5v8v6qiliql-gnutar-get-version-1.12.drv
  /nix/store/3ar6wwzw4qambgz9hiahh36h0fwldyky-bash-get-version-2.05b-builder.drv
  /nix/store/qdd29l3wwmxnagyvbncivw5ncrx2xri6-bash-get-version-2.05b.drv
  /nix/store/qv4985xb64lqxijjq69y58ilil70bkny-gnum4-get-version-1.4.21.drv
  /nix/store/r4y22m195ynrgiavf6iw87byblqb3i5k-gnutar-musl-get-version-1.12.drv
  /nix/store/rf1i0k4skdi65q9h7hg5afjk7yhb84s3-gawk-get-version-5.3.2.drv
  /nix/store/wg5rz75mchq2ydiv4vlnmc202zin71b6-diffutils-get-version-3.8.drv
  /nix/store/xwg8kd9rzmcq1l5grl953s116gqn60mx-findutils-get-version-4.10.0.drv
  /nix/store/zrrw36nnjw233b3j17bmjb3pq5ajh4pm-xz-get-version-5.8.3.drv
  /nix/store/z7ykygz2kd7sb67xgyyc7i68bpc7ns1y-minimal-bootstrap-bootstrap-chain-test-builder.drv
  /nix/store/h2ynwshl2dl4x0xsd3k4vnj5g75ry2qk-minimal-bootstrap-bootstrap-chain-test.drv
  /nix/store/40avy3ljn3ciacayd9jjky5rvqp071gm-gcc-simple-program-15.3.0.drv
  /nix/store/692gwwkwg58pgk8affwll1g98ivs0xll-glibc-simple-program-2.42.drv
  /nix/store/kcz27imi3in5w40h3y190prchchp20bm-gcc-cxx-simple-program-4.6.4.drv
  /nix/store/mhw26zwjv1lqbqmlw9ngn0l80qq6mv0y-gcc-simple-program-15.3.0.drv
  /nix/store/ywyb8w4yvbrwzd58hn4sby102kkgqpgp-gcc-get-version-4.6.4.drv
  /nix/store/zh3y9afj2ccjvr88jz83cq7xl466zzpn-gcc-simple-program-10.4.0.drv
  /nix/store/n5xbswr3dj7hcgg05j1lz3ll6giqglj5-minimal-bootstrap-compiler-test-builder.drv
  /nix/store/vcj4p3gjg8rign0ciik8chc0g649lrji-minimal-bootstrap-compiler-test.drv
  /nix/store/789dgnh7gmz6s6p6iq9kx0fhwh206gk4-findutils-static-get-version-4.10.0.drv
  /nix/store/8pmcl8ir85bdnpazd3akjvqyprw8ci4x-gnused-static-get-version-4.9.drv
  /nix/store/c29hizp2c21iybh0lgnnq18z91k15nrr-bzip2-static-get-version-1.0.8.drv
  /nix/store/cb195077iqg7zdld6s4r3fd9xqqhrlcy-bash-static-get-version-5.3.drv
  /nix/store/d5my29jy0s99bndg52qi5g05q6wvb0ra-coreutils-static-get-version-9.10.drv
  /nix/store/dpa5pykxh7vqq178z6qr4ky6qapyas5p-gzip-static-get-version-1.14.drv
  /nix/store/f34gwk93y5x1mz3b5352chd4cmrm890l-patchelf-static-get-version-0.18.0.drv
  /nix/store/g204q1wvrmqxskpa5lzxxdj9malq3p93-gnutar-static-get-version-1.35.drv
  /nix/store/gsq2wr7n5v39938aqjcqvb78w9bqwwqw-xz-get-version-5.8.3.drv
  /nix/store/h8s79r4d2ps45yqqav8ak1gngvgj37l2-gnugrep-static-get-version-3.12.drv
  /nix/store/hchwcxxgp4l33li8681061sfgsy74wkn-diffutils-static-get-version-3.12.drv
  /nix/store/mbxx0gxh8jdcslzlmvms7w3487jqfmln-gawk-static-get-version-5.3.2.drv
  /nix/store/qbq20fb8j334wf98jsav2xfjjw9rz81i-gnupatch-static-get-version-2.8.drv
  /nix/store/vwdq3lbcydlhd16gg1bri45k5l3jcm1y-binutils-static-get-version-2.46.0.drv
  /nix/store/xsk1ip00x4sjbsffb1b28a28i675vcwr-bzip2-static-compress-1.0.8.drv
  /nix/store/y9kdjzdwrg1jiaw0vxxmk1gq2045f81h-gnumake-static-get-version-4.4.1.drv
  /nix/store/wq3lp7qaw3zyc27lg7idvgad1i467b5w-minimal-bootstrap-static-tools-test-builder.drv
  /nix/store/vvrnzq90cvbmpga88ianrlklm3cdafm8-minimal-bootstrap-static-tools-test.drv
  /nix/store/asq2iv0gcx49bjx9q6nr6ic7ndam5wps-minimal-bootstrap-test-builder.drv
  /nix/store/rhbxkhrlr0p857nlwjhmbv6dywb1zyqs-minimal-bootstrap-test.drv
  /nix/store/h7a4qfkdgfxy7bhiim49a0572d5qj7gy-die-hook.drv
  /nix/store/s255paja0mcqkxpvmaivly5z4ixkn99d-make-shell-wrapper-hook.drv
  /nix/store/wsgis6pfnjzq0yd3mv7xq1pii7mdj8hx-gzip-1.14.drv
  /nix/store/1rcyi6qll5p47mxg2a3dnay7s9fhf39n-stdenv-linux.drv
  /nix/store/yv6qfzjsd6vl7x90p9y4qxi5skp9r3jl-perl-5.42.0.drv
  /nix/store/w0vcdb70008hc1m3kffwkwjif34808wf-libxcrypt-4.5.2.drv
  /nix/store/zsvyyx0kxm4pvv6fv48anaii7vlpncsr-perl-5.42.0.drv
  /nix/store/00frgaj5sp9azzgqzb54szzfgn0rdmgi-coreutils-9.11.drv
  /nix/store/7j8c27vydzhv0yhpp4bk2hgkpdzzgv9i-stdenv-linux-no-cc.drv
  /nix/store/ikknj608vdr2x99rk03bv5srnxba84g4-die-hook.drv
  /nix/store/0816bz2mqj7w373ldj1p4k5w7fsdqs4i-make-binary-wrapper-hook.drv
  /nix/store/1hn2pyj44kg8hvfaivkwd01hzr4agm0i-python-output-dist-hook.drv
  /nix/store/5bx2ix2d76k90vziqrjxr6lns6j4rqzy-add-flags.sh.drv
  /nix/store/wmnygrklj9ba7n71xl60j8yfg9xm85zz-glibc-iconv-2.42.drv
  /nix/store/850pnr31gzw8kzci0hmc7ysbxlg0ya16-pkg-config-0.29.2.drv
  /nix/store/hyflgawv3f1wpbc9jic9ak2mqq2dqaik-pkgs-config-setup-hook.drv
  /nix/store/7z63czxfsd82mlsmnsrlyyw5ckary0in-expand-response-params.drv
  /nix/store/md3ybqqrn4ljbizp4bslfb9l0yimmki4-utils.bash.drv
  /nix/store/rw0vxzxd0vi9ikq2nkwhzx93z7x5316k-pkg-config-role-hook.drv
  /nix/store/7az3c20njjjg1mvdfk56lgbrv724slr2-pkg-config-wrapper-0.29.2.drv
  /nix/store/c7v973kcvhyl92kmmhsi27b63iyh4myv-krb5-1.22.2.tar.gz.drv
  /nix/store/3jz6svvg7x9mxf90z6h395pyzanl325m-openssl-3.6.3.tar.gz.drv
  /nix/store/h5jvynyf9hv523kafdaz5ags33p5gba2-openssl-3.6.3.drv
  /nix/store/1c0za6f5rxl66ch0lgihniwgipfnvfm6-byacc-20260126.tgz.drv
  /nix/store/ifng0ayva66v57zqmp1asdnrk5vpzjzb-byacc-20260126.drv
  /nix/store/dhjhlihqj08f3fs1cvsja0fims0dqnlw-raw.drv
  /nix/store/lkkzb8ybhp5jjgvb04b13n68i51lxwd9-keyutils-1.6.3.tar.gz.drv
  /nix/store/ph9l4b5n81ydb29by87wpp7vs9i83alq-keyutils-1.6.3.drv
  /nix/store/a30i7g6790c2csjj6v3cym151xcvz66z-krb5-1.22.2.drv
  /nix/store/0i3qixpwn0qsbpmz6p415lk2qq6s639l-CVE-2026-55200.patch.drv
  /nix/store/aiqx6v0q66r8c6z138a62si4az8dd3nd-CVE-2026-58050.patch.drv
  /nix/store/kadl3n1d1bx6dbdwh04r0x2lhn2w3d13-libssh-unconst-backport.patch.drv
  /nix/store/l4q7jsk9n0ys3qb31zafgzwakpwq0360-libssh2-1.11.1.tar.gz.drv
  /nix/store/my92mgwgr8dsjnawgb0xrw6zfpsh5yc3-CVE-2026-58051.patch.drv
  /nix/store/r4y38sp3418wjshi369yqb4vsaligr35-CVE-2025-15661.patch.drv
  /nix/store/zkahlx2yk2sdlfmcf3pjn62vzw91zy3b-CVE-2026-55199.patch.drv
  /nix/store/f4r6pwdvkmd2wp2200rf7303m5f9zifv-libssh2-1.11.1.drv
  /nix/store/axkmfgaz8nvjw8q0l0d1bhm7glqjjb7j-nghttp2-1.69.0.tar.bz2.drv
  /nix/store/hg8pk87cb4z93mi83jnrzcp3c6s84mvd-nghttp2-1.69.0.drv
  /nix/store/hrbp3nnrk22sfk54yp4aki3nbyvlhcpz-curl-8.21.0.tar.xz.drv
  /nix/store/nfw9vb2in01gsch9fixpnrgi1wc6x91h-curl-8.21.0.drv
  /nix/store/wdq1zz5zkp17n7h52vqz7ww22b294454-mirrors-list.drv
  /nix/store/gr1rq3wpidy3rawmnd10hwmw5vm4xgws-tzcode2026c.tar.gz.drv
  /nix/store/zma42jr4sg0aarzrwwiyhcpmiby2wxwf-tzdata2026c.tar.gz.drv
  /nix/store/10lpbla61qbirh4x3lqr9rjjmdh57qn8-tzdata-2026c.drv
  /nix/store/zqp814bmsvsl0n0a98pzlzw42wcac6rr-setup-hook.sh.drv
  /nix/store/36fd6bm71j865wrd3251ag9bb9s23sl0-python-setup-hook.sh.drv
  /nix/store/5ajkgw8vx4pg3py3xaxd953jdg5ns5c9-ncurses-6.6.tar.gz.drv
  /nix/store/4wpk7fp8c5scfn8yzvlsc6wg0i5qpxzc-pkg-config-0.29.2.tar.gz.drv
  /nix/store/8v9ydv3jrabkyqil19iandd1vnc3pxfd-pkg-config-0.29.2.drv
  /nix/store/j2smdi6j3kavp66f90zkgq7qdhzhdmyq-pkg-config-wrapper-0.29.2.drv
  /nix/store/hf7sqxrhwmmgvlnkcanvvb2mk76y39zr-config.sub-948ae97.drv
  /nix/store/zhlkmdgqkc1ca0ir1sh7dkgwf1ajzdxv-config.guess-948ae97.drv
  /nix/store/haaah2vsr5chdgs2smnwawz5fxca31hy-gnu-config-2024-01-01.drv
  /nix/store/qllwryijdqwrhprnn7w4skj7gp0gvfxg-update-autotools-gnu-config-scripts-hook.drv
  /nix/store/4w6jgvcicqn5dsbyicawgkfr6lz406ym-ncurses-6.6.drv
  /nix/store/bghrqifqv1g3x2hlbqf7ml8z85ibmlfl-autoconf-archive-2024.10.16.tar.xz.drv
  /nix/store/5xv6qizsj0i1a7jp0n5msprxvyaxhvb1-autoconf-archive-2024.10.16.drv
  /nix/store/44m4p8mmzybbjrwqjxav4llkp2p9vlpi-openssl-3.6.3.tar.gz.drv
  /nix/store/aqn21gb36fq81xrfbyvj9qlzbqk53idp-Compress-Raw-Zlib-2.222.tar.gz.drv
  /nix/store/lgrcydp8fkxlgd0b26g8m0iqw6zdrjc3-Compress-Raw-Bzip2-2.218.tar.gz.drv
  /nix/store/lnclkddbpj1yxsgpz8x8sp28larbxqbn-perl-5.42.0.tar.gz.drv
  /nix/store/pk7q5xzrq8lwci3yibqarr3xdiy2pbdi-Archive-Tar-3.12.tar.gz.drv
  /nix/store/ssiicn13a1zlh4ypprfpwxxgzzzv8jcs-HTTP-Tiny-0.094.tar.gz.drv
  /nix/store/v0xknfwfv950b4slqrb5pk9dakhmla97-IO-Compress-2.220.tar.gz.drv
  /nix/store/z0raq3ds362lmk9fhb8g5nh6vkwhrdxn-perl-5.42.0.drv
  /nix/store/6mxvqwm1c8ccqy0vv1vwbhy5d14p34w5-openssl-3.6.3.drv
  /nix/store/6zxl4jajgg3l7fl70r9w7ynn5h9jyx1g-readline83-002.drv
  /nix/store/83dwzyk29in37sr635phkk72xwz2v19s-readline83-003.drv
  /nix/store/jhnanp8i5jdp7z16r7j7vr7m0m7i6jp9-readline-8.3.tar.gz.drv
  /nix/store/xx11j1i9vwy7rd4lqpbp91vrczx402ib-readline83-001.drv
  /nix/store/7bz0q64yy70x1b61bgs8cz3l5rwiggd6-readline-8.3p3.drv
  /nix/store/313l0md2i5425a9liipbbvlc04r0g1z1-libffi-3.7.1.tar.gz.drv
  /nix/store/9ghxszwdyv79cip7viawldkr8wda21y2-make-shell-wrapper-hook.drv
  /nix/store/1qva17nl52b1ckmi7n7hmcr4mw1dp0wq-tcl-package-hook.drv
  /nix/store/97izqyxjaqan8k769x92g8ir2wx781mm-tcl8.6.16-src.tar.gz.drv
  /nix/store/619y29vjadj8ds1y6snz8gk210mjsyyy-tcl-8.6.16.drv
  /nix/store/6n4qz1pg0p8vmqpjc7cxa8apv6vr5r77-tcl-requires-check-hook.drv
  /nix/store/79pwsvi9dcc82yhg7nmz7b2zzjncwzb4-expect5.45.4.tar.gz.drv
  /nix/store/aiq3cpbfmnk3m6g7v0ffs6cb2mras446-patchutils-0.3.3.tar.xz.drv
  /nix/store/2pk27d9z0nl06mxrjhrafcf8snyk8blp-patchutils-0.3.3.drv
  /nix/store/c0drqcg1blnzk1gyvy05885f8brafvvw-expect-configure-c99.patch.drv
  /nix/store/c9lldh630b08p05cl0hn6lpdcr9r8hr8-0001-Add-prototype-to-function-definitions.patch.drv
  /nix/store/3wrnvr37f8mpxhh7srz55sfb4qfb180g-file-5.48.tar.gz.drv
  /nix/store/fwvf1xxg0k7dvjkdzh3aq9r9gjc0sv1n-file-5.48.drv
  /nix/store/zl90lh539p8azw6pwd331zhdxqxlrkaf-m4-1.4.21.tar.bz2.drv
  /nix/store/jfamg3yxpj2c884b992n7maxps42x1bm-gnum4-1.4.21.drv
  /nix/store/qjdx6c50yd9dqg4r44wmwczkkbnv64c4-libtool-2.6.2.tar.gz.drv
  /nix/store/0pcp31rlddh81a9xc3v4nxa7nvagrhgi-libtool-2.6.2.drv
  /nix/store/bmv3ara7c3pizivi2jg5j8bfw37fyhsm-gettext-1.0.tar.gz.drv
  /nix/store/21sdpv7s49n9jyny67ich8kn6zd85hwv-gettext-1.0.drv
  /nix/store/2ayshj28cl9njzcyy8yyhck796f1x1k8-autoconf-2.73.tar.xz.drv
  /nix/store/i2nfmwap9r84za4ic8l9mhslqdflwr2g-texinfo-7.2.tar.xz.drv
  /nix/store/wg0f1arb9jjnzs5aibkpjyac2s35yi1v-texinfo-7.2.drv
  /nix/store/w3fcrzf5ykk0frcmlrz4piwpj5i7r6rd-autoconf-2.73.drv
  /nix/store/jhggpz7h7w86cbcmhf0n4qcz79la8jsx-automake-1.18.1.tar.xz.drv
  /nix/store/x86d6vvkkxm14r2vdin8i6awnhb4mgcw-automake-1.18.1.drv
  /nix/store/wyjwky1gd9qsqbnd5q2q5ig25mr0055w-autoreconf-hook.drv
  /nix/store/zp0rzdsb03hrmlkfq5wzix5cklxlslzn-fix-build-time-run-tcl.patch.drv
  /nix/store/bm7rnxb8dll9f7qr8zvymdyl42qfqln5-expect-5.45.4.drv
  /nix/store/z18bi9fd00khh6g7svsxd4zwhnm4vk90-dejagnu-1.6.3.tar.gz.drv
  /nix/store/qz4iazq185hj35cz52ajxj2kqk5a868g-dejagnu-1.6.3.drv
  /nix/store/b7vzg0rxxqdivkispsv6bk0npb2bsj9p-libffi-3.7.1.drv
  /nix/store/6czah3yjrngpl7isn8sfnlj8d5lcgvni-expat-2.8.2.tar.xz.drv
  /nix/store/b8ska2j3hza8j206a9zvwk212gyv0vpp-expat-2.8.2.drv
  /nix/store/h0lb2iyj05gvbclgyq1ipdilynl4n986-nuke-refs.drv
  /nix/store/i8hv5vq252lcz1dsxs531ww16wqjag11-mpdecimal-4.0.1.tar.gz.drv
  /nix/store/hmpy5wkpp7fhgpz8jq18cgp27rgxpxq8-mpdecimal-4.0.1.drv
  /nix/store/1mvbmfg0g7yw8ry0mk85fa8nqifnabx7-install-shell-files.drv
  /nix/store/f9c5d26r5vv9rih89rvw4hj1va36zsn8-util-linux-2.42.2.tar.xz.drv
  /nix/store/gx6c38q949bxhh8w8b787j1wgn6gxrpm-automake-1.16.5.tar.xz.drv
  /nix/store/rfrmjr0acgn0vcf2pa5mx7qy3av9rxhw-automake-1.16.5.drv
  /nix/store/7ggwrg4lijq90w2nlsxrrbb79dby3p9z-source.drv
  /nix/store/wxaxfhg3r0d19f9crj27i1rdyxnk12an-linux-7.1.tar.xz.drv
  /nix/store/b3pgbqg9j5ikhgvvnk1hg39xywpbl7a8-linux-headers-7.1.drv
  /nix/store/6677j28qnnyc6j2nbkshr5zfp49n4dcb-bison-3.8.2.tar.gz.drv
  /nix/store/9fn804av0c7xq3cp2fn8pl2698q4cvvp-bison-3.8.2.drv
  /nix/store/yl9dsgwm1a9wbyggvwalzgg2idps0ayr-source.drv
  /nix/store/pkdphwbgxlasv44ip200jfsb5pwq2zir-swig-4.4.1.drv
  /nix/store/rr4kc76a7sm0n84qp3009bi6xmxz22p7-libcap-ng-0.9.3.drv
  /nix/store/6cgsik24i78lh7l95v0zwmmks5xx07a0-unzip60.tar.gz.drv
  /nix/store/kaq6l8byv3yw52cqls9nfqg1hwq66njk-CVE-2019-13232-2.patch.drv
  /nix/store/y36rbdmmlpl7zys2wdcggqw7rb76v58d-CVE-2019-13232-3.patch.drv
  /nix/store/zkvyf85n1a0zp7if329s6dy4732l7d1q-CVE-2019-13232-1.patch.drv
  /nix/store/7di6jzjd09pfrgf4nwsq5a0gm3ac00wd-unzip-6.0.drv
  /nix/store/ld5n2wsl9z7i790nk3dcmsdns1z3fmnx-sqlite-src-3530300.zip.drv
  /nix/store/nglka9cjwdsc0az7rj98jm26qh40sk5w-sqlite-doc-3530300.zip.drv
  /nix/store/wg74sywi4fxggj3asqrdnp9d9jdq6ph9-sqlite-3.53.3.drv
  /nix/store/hw0f3rm43kdbs6b7m3dawkblsi3r9zk5-util-linux-minimal-2.42.2.drv
  /nix/store/i9qj89rrj8ig853akn1q2g8mh185vmxi-Python-3.14.6.tar.xz.drv
  /nix/store/9dbwnrczq3srz62g3z49fyg6nvpva035-cmake-4.3.4.tar.gz.drv
  /nix/store/1s0268iy57c5drg4k7klrz482j6zd1qa-cmake-minimal-4.3.4.drv
  /nix/store/qcha1jfq6f9bw432hdqw147hwcc8my95-source.drv
  /nix/store/if7j4l9l5w3mdbx2acbs2skmzhpql8jx-zstd-1.5.7.drv
  /nix/store/yq8485kp9yhz9aya13xpyya5y32yjn75-gdbm-1.26.tar.gz.drv
  /nix/store/k7gx58bvr4yh656zvdpyjxkb5d27bxwn-gdbm-1.26.drv
  /nix/store/gfzzxzxmqayyh3204g1f97xyz7jf06vm-bluez-5.86.tar.xz.drv
  /nix/store/pdh6976c1mmy8rk86c319rca1msn5w87-bluez-headers-5.86.drv
  /nix/store/d9pnpc8pyxa6ph6h1ic9y6r25a8hksvk-mailcap-2.1.54.tar.xz.drv
  /nix/store/sldvm0jmzf8grrhzsmccy6kkdcf1xc43-mailcap-2.1.54.drv
  /nix/store/7kfngg8xslr6q8q3rwmpv0j1mypwqrc9-python3-3.14.6.drv
  /nix/store/8ghn8mhja1340371ziz21gvkrm841xcm-wrap-python-hook.drv
  /nix/store/acfgai10ff4cphkgahadawicrz2dhljr-python-remove-tests-dir-hook.drv
  /nix/store/hgs46ffbjdjx4bcpa2hib2p0b1q0692b-python-namespaces-hook.sh.drv
  /nix/store/ij0m2z7rf043k1mwdhbv70k7f3s5vcq8-python-imports-check-hook.sh.drv
  /nix/store/9r5dhdk19k0rs9vifgik4q99qr5agn1v-source.drv
  /nix/store/mym408pb154mqdk9yg2a8jf95pc0a2a6-source.drv
  /nix/store/hh0gxnhs5718z7h73qla9g7kfblh84ij-python3.14-bootstrap-flit-core-3.12.0.drv
  /nix/store/nimhc4gpxy4sxy1r1s7kym1vjc8ahxrx-python3.14-bootstrap-installer-1.0.1.drv
  /nix/store/lg24bls6yyr11j2n78nhkvpyc2jjq38d-pypa-install-hook.drv
  /nix/store/wpbmzrgs29slzqr6qwqziy32maajxs0b-ensure-newer-sources-hook.sh.drv
  /nix/store/namly0slrjn4m34v3sij4wd1l168m3rm-ensure-newer-sources-hook.drv
  /nix/store/42x2z6qgc44693gxkmxird4wzcwc37vy-source.drv
  /nix/store/ijc6mz6jr9r8djy68lz9k66100yv7rzl-packaging-26.2.tar.gz.drv
  /nix/store/9dylmzjzmaapxq9f7prg95gp1f2qkf3h-python3.14-bootstrap-packaging-26.2.drv
  /nix/store/xk9w0kbxxdpq7v5lv8jyzzfgv1lv1lr8-pyproject_hooks-1.2.0.tar.gz.drv
  /nix/store/arqnlmhw9x7s5pxhcfrjwn2g21wq7bxq-python3.14-bootstrap-pyproject-hooks-1.2.0.drv
  /nix/store/f3nn58mw3a5ara5x64fb8iwh0dpx7sdx-source.drv
  /nix/store/xdzafb6mz0165ra35nnjrq3zph54fs4y-python3.14-bootstrap-tomli-2.4.1.drv
  /nix/store/x077ybmh1jqnnl2ryfz954c00nwmadk3-python3.14-bootstrap-build-1.5.1.drv
  /nix/store/pdic0gq2yicamq24jj1bmykm60iz92qy-pypa-build-hook.sh.drv
  /nix/store/cdqkis9a1p20b7pgkwngjkia5sdzji35-python3.14-bootstrap-packaging-26.2.drv
  /nix/store/q6my1yl5c9xzz1s76appwqy6ib3vw1dx-python-runtime-deps-check-hook.sh.drv
  /nix/store/rsna80hyl0r2gf1xqjzjrdmjs5gwl1mw-python-remove-bin-bytecode-hook.drv
  /nix/store/9yq3cs71wvf2hp7jhm44asn1sl5xwqh7-python3.14-flit-core-3.12.0.drv
  /nix/store/5c68499mi58565wm6mbr1hq0pqrvy93i-python3.14-installer-1.0.1.drv
  /nix/store/qs3ppd5nj6z89bm3v3dwiqwdxq47pba9-pypa-install-hook.drv
  /nix/store/1idpizylf1g5lsny20mgip3yidppjd9r-python3.14-packaging-26.2.drv
  /nix/store/1kh1yn3jiknm55mx0wr3f4qv9zyfgzsn-python-runtime-deps-check-hook.sh.drv
  /nix/store/axmay7n50nzlfimvw982rvrjxzc4i9j8-source.drv
  /nix/store/41x60j1lxqm30kfqp38a319c4i21hk61-python3.14-wheel-0.47.0.drv
  /nix/store/gzmgrcdjzz90haffffa1jiql8pdpa807-python-relax-deps-hook.drv
  /nix/store/yk35f8mx47m7vrl04zh0xslb6vj2hxyr-python3.14-pyproject-hooks-1.2.0.drv
  /nix/store/c1fmy7b981basgkxjqisma1rd3gflypw-python3.14-build-1.5.1.drv
  /nix/store/hb9sbqnkhg34h8im2hbgdazh3ywv44cx-pypa-build-hook.sh.drv
  /nix/store/5k46c6gnvnkd1a37v0lndrvplsm4d9qd-builder.pl.drv
  /nix/store/pq71m55gi8rnw3h60sji6w3ip0sp9rqy-bin.drv
  /nix/store/4mw6mzh4y8684654vvy4ym6scb56ax5s-python3-3.14.6-env.drv
  /nix/store/ikdr7sh1ism99vmxc1ysxqhlvz4wl694-python-metadata-check-hook.sh.drv
  /nix/store/q390m7bgi14q2kpc6r6smirf1pwhy1qw-source.drv
  /nix/store/14z51sc7s1q7p1gdqzyr1bxffy5q8i10-python3.14-setuptools-83.0.0.drv
  /nix/store/2zh3fy0drgarsbj2fxmzs1pydbz2madd-source.drv
  /nix/store/c3hkzalwy6az4q16vp5gg0kca86m6kfg-python-catch-conflicts-hook.drv
  /nix/store/bd7caac94f9lc11974dkpwwgdgl41bb2-trove_classifiers-2026.6.1.19.tar.gz.drv
  /nix/store/60w4psxv4yscmkbfs80z11a792n7w0mk-source.drv
  /nix/store/ypsszjmcf90m4x53mzrd2cs2kwq2qnfm-python3.14-calver-2025.10.20.drv
  /nix/store/1yid7q7xbdmlsp5b32v51rrbfz8hlmkj-python3.14-trove-classifiers-2026.6.1.19.drv
  /nix/store/6kxbs7rm5hp44xclj6yhq5pc2y2bhflz-editables-0.6.tar.gz.drv
  /nix/store/7kwwqdn182zflxv68nrb3n1xxrp9k80h-python3.14-editables-0.6.drv
  /nix/store/62y3fajp2m8sivnpmj0s284d9zm3wm5f-setuptools_scm-10.0.5.tar.gz.drv
  /nix/store/8lx6w06msngmpr2fbs943qrxam5p3nyz-source.drv
  /nix/store/dq8iq8n162c0dfif2r1lzjnn88lskng7-python3.14-vcs-versioning-1.1.1.drv
  /nix/store/bczla1ybn9g5lzqqa47aglkw1sbkzg2r-python3.14-setuptools-scm-10.0.5.drv
  /nix/store/lvbk7n5dh3xzjsnbk391s1vd9q0jmyfg-source.drv
  /nix/store/pfjxj72rw3yywbg5y6bmyya6xjq1nzxr-python3.14-pluggy-1.6.0.drv
  /nix/store/5wb9x7xyx7j6sjlbw9qy21ssr1jzf1q8-unittest-check-hook.drv
  /nix/store/g285lcc1cl493fx135h62yz90qxccjnd-pathspec-1.1.1.tar.gz.drv
  /nix/store/s5y3pbpmblxkrfw66pkkkvxchmg99yig-python3.14-pathspec-1.1.1.drv
  /nix/store/wq0mlcacfpbwj7s5yi7ccw86v961qkqk-hatchling-1.31.0.tar.gz.drv
  /nix/store/k51y1gpddw3b4jvq6bhahmq1qjvgdmrb-python3.14-hatchling-1.31.0.drv
  /nix/store/p1c0mnklprrdg007cxpyzbm1a4rprjqs-pygments-2.20.0.tar.gz.drv
  /nix/store/2c54imfy8nh67mi8gc9q6fi8fqbksxcr-python3.14-pygments-2.20.0.drv
  /nix/store/2hs4f3rqr1fmdfdhrhxqs670qkj7r515-pytest-9.1.1.tar.gz.drv
  /nix/store/4q9yc1syjczrm410177hcg2nqxajjpad-iniconfig-2.3.0.tar.gz.drv
  /nix/store/62f0vpqb8rjz8g8936j0smjl1dzkma8i-python3.14-iniconfig-2.3.0.drv
  /nix/store/d98rw7x5awirkvwsadfg616gh6pbw376-pytest-hook.drv
  /nix/store/8mnpg6bv9zh3czlk1a7rn90slgqhpcsn-python3.14-pytest-9.1.1.drv
  /nix/store/j3k6pjxskhmm95yvd8dlpzr8xrgbshvz-pytest-check-hook.drv
  /nix/store/7i0z9bv8nckpww3b790k60rmpsw8qld3-source.drv
  /nix/store/nqfribr9jbscgbrpl24avpcb6id0z54x-python3.14-cython-3.2.5.drv
  /nix/store/ansfw247qp5ka733nazd8a5w206wvf34-source.drv
  /nix/store/y8b4bvnzh2m9h0fc624qn9xxsxmy7ph8-libyaml-0.2.5.drv
  /nix/store/10zrvmb18y0a7d8in8ymkivq1wp98rjz-python3.14-pyyaml-6.0.3.drv
  /nix/store/schap6kbac5h9sbh3ig5hsdlr7l39fgg-source.drv
  /nix/store/0b9lvx4kr72xn59p9dwj2pxjimd1rnah-python3.14-markdown-3.10.2.drv
  /nix/store/0z07xpb2my2hxqyznxh198mdzp194rm1-PadWalker-2.5.tar.gz.drv
  /nix/store/0haggsgs71d06l2f9vs6mshvvyshfn76-perl5.42.0-PadWalker-2.5.drv
  /nix/store/d43ypzmy9dljf4q27i8krbixbmgmzkqz-Test-Requires-0.11.tar.gz.drv
  /nix/store/0jari76zqsl5cq79plpd3jcmk0g7kjbr-perl5.42.0-Test-Requires-0.11.drv
  /nix/store/0jchwb7fg0yc0zy5r3g8vd1crn78mrqr-musl-asm-ptrace-h.patch.drv
  /nix/store/rhwiq8gk4aqff3qsv7ii46hjz84xkgfl-libedit-20260508-3.1.tar.gz.drv
  /nix/store/0kc9vm90qh9hc2pdm71h8hmlq4168ss0-libedit-20260508-3.1.drv
  /nix/store/0kcccciad4dd7f6wlv8rrfp73r56in8k-XML-Parser-2.46.tar.gz.drv
  /nix/store/0pnv0d65ryc7rj98l5yl7l6rh3ls2vma-libtasn1-4.21.0.tar.gz.drv
  /nix/store/17j5xhidkw7468bqn22mjjdj116jsn7y-catalog-legacy-uris.patch.drv
  /nix/store/cvjw6rhwc7ajsy4kalbk9f6v0ir761mq-CVE-2025-46836.patch.drv
  /nix/store/ki9d5va4zrij6bj2b6r1pvz9wdfkyqys-net-tools-2.10.tar.xz.drv
  /nix/store/1d80pcq0sdw751gimbc7hrhlawn1krb4-net-tools-2.10.drv
  /nix/store/1d8w12pai9vkm701yw15b15mmlf10488-docbook-xml-4.3.zip.drv
  /nix/store/3ws5q3j2hgmz2plsrj368j7q36gf9x0g-buildcatrust-0.5.1.tar.gz.drv
  /nix/store/6lckfjlwb4pjx5dw91dr2aariww2fl2p-python3.14-buildcatrust-0.5.1.drv
  /nix/store/il4h7yg637vm007p6l72zngbq6v7fhb2-cacert-extra-certificates-bundle.crt.drv
  /nix/store/sdba1jxrnmvsbsqcjpr2fvva9ks6smcz-certdata.txt.drv
  /nix/store/x6ccpgh92x17wm7jaqy9m744ad15n4gv-cacert-blocklist.txt.drv
  /nix/store/1hm1ww3p1ls5vlbwjhfd3q247qhz965b-nss-cacert-3.126.drv
  /nix/store/1ikyxdddya4qjdnqr0c6gr5lmik71ija-source.drv
  /nix/store/9n8grw6ifkyg9x2d5kswgd8f3bk8grdl-intltool-0.51.0.tar.gz.drv
  /nix/store/7h55l3b6qddh483dvx95hdjxjgqixzlb-HTTP-Cookies-6.10.tar.gz.drv
  /nix/store/1mfxc8pzls9zhbf2vvcszvkylj20b1b8-HTTP-Message-7.02.tar.gz.drv
  /nix/store/57xldqlm0iz15zkcn3vli3ccbxmyggr7-perl5.42.0-Compress-Raw-Bzip2-2.218.drv
  /nix/store/5r9ampz2nbhc6nhkf3m54ib0payz6ms8-perl5.42.0-Compress-Raw-Zlib-2.222.drv
  /nix/store/kcr14lyysk5zrq6wi8vr15ihzk15x5ir-Encode-Locale-1.05.tar.gz.drv
  /nix/store/b3sx5gm2z4857br8y584jk6qyms9lwf3-perl5.42.0-Encode-Locale-1.05.drv
  /nix/store/si1r23rfizcmwy8fj80xrbscyb29xw3l-HTTP-Date-6.06.tar.gz.drv
  /nix/store/fpsl1bikhan19fbzj6s970mp49glfsbd-TimeDate-2.33.tar.gz.drv
  /nix/store/xymb7z4l5r1g05rr4arh4m4ngfkhc4vm-perl5.42.0-TimeDate-2.33.drv
  /nix/store/gmkajdkryi76mqw343ph3vxh5vl3l2vs-perl5.42.0-HTTP-Date-6.06.drv
  /nix/store/6ghirmivx4822mr2cwgl1b93nk5qx3ld-Test-Warnings-0.032.tar.gz.drv
  /nix/store/n905is849zbz53hw0rajwbl1m2lmi50v-Test-Deep-1.204.tar.gz.drv
  /nix/store/9hi5fvcyn32x69j9qbrvvx1qhsrgk5mr-perl5.42.0-Test-Deep-1.204.drv
  /nix/store/aaskmc2fhml3ahsw2rkyp1jqh3v4m6bj-CPAN-Meta-Check-0.018.tar.gz.drv
  /nix/store/wpagk6fnnkhhwavb92y8l73j9mzxghsp-perl5.42.0-CPAN-Meta-Check-0.018.drv
  /nix/store/8xz4x2di5911qc40pjj487z840ir9cyn-perl5.42.0-Test-Warnings-0.032.drv
  /nix/store/js9p6b4ja5ndwag8rpkpm6i7m2smzn6a-Test-Fatal-0.017.tar.gz.drv
  /nix/store/q6vr6a4paxfha00vlxk6jdcvn3axqhc1-Capture-Tiny-0.48.tar.gz.drv
  /nix/store/f5wk2ps0ql296f81bwlx469i7jn041g7-perl5.42.0-Capture-Tiny-0.48.drv
  /nix/store/r31pfn67gm45vxqvqqz3krfa1mwxrsk7-Try-Tiny-0.31.tar.gz.drv
  /nix/store/ybg9fvky50ccy8939bwnjysvvg1sh3dm-perl5.42.0-Try-Tiny-0.31.drv
  /nix/store/c21b8p1a0c4m4hxvzj2sh2b06z86gxpk-perl5.42.0-Test-Fatal-0.017.drv
  /nix/store/lp6n5kzfv92pl7nylxglwnj1ggi72sqy-Test-Needs-0.002010.tar.gz.drv
  /nix/store/nc14gbywwwd422hkz9mzlh6zxr9s4wyy-perl5.42.0-Test-Needs-0.002010.drv
  /nix/store/w3nwvqabkbbcjypm8622wdh16iif85x3-URI-5.21.tar.gz.drv
  /nix/store/l7vwa4r5mqccnwlk8psrg4rqfi882i10-perl5.42.0-URI-5.21.drv
  /nix/store/sq75ij44s9xhvhimrx9hhyjcqyyk30y8-LWP-MediaTypes-6.04.tar.gz.drv
  /nix/store/n3g40dyab6h7nnmphmpl0r54hj41cqpf-perl5.42.0-LWP-MediaTypes-6.04.drv
  /nix/store/nb2sqw3kg4pqszbjbiv40xylznldknmf-IO-HTML-1.004.tar.gz.drv
  /nix/store/pcaqa11cycc3gik5r92pi9vq8igmyp6f-perl5.42.0-IO-HTML-1.004.drv
  /nix/store/wvlca52gw0ch6mn2gwjv6dj18bzb9g7n-IO-Compress-2.221.tar.gz.drv
  /nix/store/vgcy3qy504b1c7ngynvgj2rsvacr7wyy-perl5.42.0-IO-Compress-2.221.drv
  /nix/store/ahgcv9g3s8k4rj74a6xhy2d17i73a8jz-Clone-0.46.tar.gz.drv
  /nix/store/v3bg2nb3mavchx0a3z12vsg1hxhq8pxi-B-COW-0.007.tar.gz.drv
  /nix/store/bvpvshk9bgy51vgcgs8m8lim4z8rb1dx-perl5.42.0-B-COW-0.007.drv
  /nix/store/z01bng0cwjiwf7ab36r9f5ilr2v1yps8-perl5.42.0-Clone-0.46.drv
  /nix/store/qqaqs0wh0py7g3zw0sxahyp5apmacf04-perl5.42.0-HTTP-Message-7.02.drv
  /nix/store/26f3qh4xcldn1hziiw7hrw2g0lvf8x6s-perl5.42.0-HTTP-Cookies-6.10.drv
  /nix/store/4011inrzij1bd6awm6lhi056xsfrys5c-HTML-Parser-3.85.tar.gz.drv
  /nix/store/sy2gay7r3hmfyrkv2xasiwmvllnh9649-HTML-Tagset-3.20.tar.gz.drv
  /nix/store/8dhhc49kj15xar21lfgfldndchcmkngy-perl5.42.0-HTML-Tagset-3.20.drv
  /nix/store/29q0g5ggyl57ria4002wb48vx6i1nym6-perl5.42.0-HTML-Parser-3.85.drv
  /nix/store/4cp4053s0lwipnyl3bhnnsxgfscy1623-WWW-RobotRules-6.02.tar.gz.drv
  /nix/store/5azh1fhlf8l8chsiiqrmn7m1ncz67771-perl5.42.0-WWW-RobotRules-6.02.drv
  /nix/store/g623ax1zd7ns1d4v522fq9rf56l4ngbr-libwww-perl-6.83.tar.gz.drv
  /nix/store/hlwj2bhpw4mf0l376zq5gbjaw0v9232h-Net-HTTP-6.23.tar.gz.drv
  /nix/store/h505ji4g9xwblz4hdci5fynpl400bfn7-perl5.42.0-Net-HTTP-6.23.drv
  /nix/store/nrc96r70bx58c27zsgs0qady9gjzb3g5-File-Listing-6.16.tar.gz.drv
  /nix/store/m97zqvd556z20hbg5ksx9r18wa4as6ip-perl5.42.0-File-Listing-6.16.drv
  /nix/store/sq5ilssll06klh9p97ap8p7mv7p7ami9-HTTP-Negotiate-6.01.tar.gz.drv
  /nix/store/rnpv6ywafdlk0wmvgp6ysswknqvr6b6n-perl5.42.0-HTTP-Negotiate-6.01.drv
  /nix/store/cgdgqflhfr5qgrgagskqkfq6800q0bq9-Test-RequiresInternet-0.05.tar.gz.drv
  /nix/store/v1rx6ybxv7rwnz2fwihcp00dxp9py59c-perl5.42.0-Test-RequiresInternet-0.05.drv
  /nix/store/grifmfg1l9j46r68z3jww66r4wdw6j6f-Class-Inspector-1.36.tar.gz.drv
  /nix/store/m8i2vkvp82hvcb4gb3d0mkk70vddj87z-perl5.42.0-Class-Inspector-1.36.drv
  /nix/store/v7dwqjb99nw759ksh69y4jzs7c3dcx65-File-ShareDir-1.118.tar.gz.drv
  /nix/store/hwa9014580pgj92xcn4vqqxfgbif6xhn-File-ShareDir-Install-0.14.tar.gz.drv
  /nix/store/vich8r3ah5aw1726pd8igcsddsan3acq-perl5.42.0-File-ShareDir-Install-0.14.drv
  /nix/store/6cpv2mbaakbvamjgh0kbx4dawzqfbqy9-perl5.42.0-File-ShareDir-1.118.drv
  /nix/store/rq6fpvs9yayhcylil6akl3hjjbx6m3yl-ExtUtils-Helpers-0.028.tar.gz.drv
  /nix/store/dmg41by4jksl3mmh8y7dcd5avbgk561q-perl5.42.0-ExtUtils-Helpers-0.028.drv
  /nix/store/lfmccqjg7qlm15rmmzyql0xpwjgiffrj-Module-Build-Tiny-0.047.tar.gz.drv
  /nix/store/wrn01xvf9yr6majngmi9hvqsrxf9mm9b-Module-Build-0.4234.tar.gz.drv
  /nix/store/qckc11jk1xw14vjzcbd05xmq3p2s1yzq-perl5.42.0-Module-Build-0.4234.drv
  /nix/store/cha84rz5w8drwfiwypwggmnlvscsyb1y-ExtUtils-InstallPaths-0.012.tar.gz.drv
  /nix/store/pkbz7l669f8r99s8xcibrn8yr52f0rix-ExtUtils-Config-0.010.tar.gz.drv
  /nix/store/x94jis4nykc7pjbh950z3ldwfkrs1f13-perl5.42.0-ExtUtils-Config-0.010.drv
  /nix/store/vkpkbdfdkilarl1yjcpzixx8dqwkz54b-perl5.42.0-ExtUtils-InstallPaths-0.012.drv
  /nix/store/f5gdj869hlpfi4g0fv2j62s2wwna32q3-perl5.42.0-Module-Build-Tiny-0.047.drv
  /nix/store/s1q960sqi6lgygwabddlznr1yp93aqwj-HTTP-Daemon-6.17.tar.gz.drv
  /nix/store/wkz666m1kgqf4rl3zpy7wngxixh7f9sv-perl5.42.0-HTTP-Daemon-6.17.drv
  /nix/store/xvnjbvr1vvnsprhizii705xsspnrmmz1-HTTP-CookieJar-0.014.tar.gz.drv
  /nix/store/xwvk63q9kim4crycygzfb752xvnn1pmh-perl5.42.0-HTTP-CookieJar-0.014.drv
  /nix/store/33919k266bz31654wxayns1aaamwzqwi-perl5.42.0-libwww-perl-6.83.drv
  /nix/store/clx25z1wqipfcmw4sp5dx7xhny91vb0f-perl5.42.0-XML-Parser-2.46.drv
  /nix/store/djdvxfnwak6fk4vsaxnx7hvfqhs55j6f-perl5.26-regex-fixes.patch.drv
  /nix/store/1l1jsir9smd1kxzrag7bwpjwk3w244cc-intltool-0.51.0.drv
  /nix/store/1l4g6mc73cr564hy569wdhzh7ib5jlk0-copy-pkg-config-items-hook.drv
  /nix/store/1v19lxv88fv47yvq1zczzj0qqhgwwsnr-source.drv
  /nix/store/56y5r58wglfpa4chn4l1r7pjjw2nig4k-docbook-style-xsl-non-recursive-string-subst.patch.drv
  /nix/store/lznvri99fd5w9abk7vy215v72pglw387-07631601e6602bc49b8eac3aab9d2b35968d3e7a.patch.drv
  /nix/store/msxw751k4v1aqq5cibd5m7fmn2vkgkqa-find-xml-catalogs-hook.drv
  /nix/store/r2ms01p8rxqv4vdjw7pb5p8hrz2ma9r4-docbook-xsl-nons-1.79.2.tar.bz2.drv
  /nix/store/78w6xy82yrlqk6861a6l17ca4gq8r45g-docbook-xsl-nons-1.79.2.drv
  /nix/store/9i3yz8r7y9n9qplf9yfkd03f5svrblli-source.drv
  /nix/store/7cvnm2fn4krlzn83cgk3rcgjf1aj4zj2-re2c-4.5.1.drv
  /nix/store/7ggz4q6hhkza39jsh2x434v6kkxzqgir-libxslt-1.1.45.tar.xz.drv
  /nix/store/drr8zwp6a39arxwf3xzvy9z2bd550850-python3-minimal-3.14.6.drv
  /nix/store/q7lykrmz4hlrc5krd0hal4cppp299hl8-locales-setup-hook.sh.drv
  /nix/store/zlg0yykyaksxbbr7r754i9l43d6hzg3m-glibc-2.42.tar.xz.drv
  /nix/store/w8srap4250wwihi406w7gr4x0mx03yqb-glibc-locales-2.42-67.drv
  /nix/store/3yg2adm41jnn2hid0q5lqrnld0lgqir5-source.drv
  /nix/store/mkmmcvza5k8zbqabalkw8c514z7ib982-CVE-2026-11979.patch.drv
  /nix/store/yaqw0lqyqqzzbsylwmyw2vqdmxmh77pl-libxml2-2.15.3.drv
  /nix/store/c23h4rmyjwwgk27crx0jpc0cqicgr1r6-libxslt-1.1.45.drv
  /nix/store/ni3wbm47ahgx815l9wb5d801i4s1z51l-docbook-xsl-1.79.2.tar.bz2.drv
  /nix/store/yqvrg88ldya6nldg24n26ajzxzmqc1xg-catalog-legacy-uris.patch.drv
  /nix/store/hdvsknrg818l91bvhpk5zipz1jzfqkjs-docbook-xsl-ns-1.79.2.drv
  /nix/store/jkcds01ccy7mk1s3c7yvm5851hnmigkx-source.drv
  /nix/store/mvfxximkrvwv669kn2dxn2qa5vag3gmk-docbook-xml-4.5.zip.drv
  /nix/store/l9g4087k08raarrqqnd0vyqaylqv6qyg-docbook-xml-4.5.drv
  /nix/store/qp3s4zlh5756lp2q481z4bsxc2hn97j4-pytest-9.1-compat.patch.drv
  /nix/store/gnn9im4miascm2niwi7j10mkfwfkfd4k-source.drv
  /nix/store/rz86yirkgsfr0jip4pgji6hxzqc1aqh7-python3.14-pytest-asyncio-1.4.0.drv
  /nix/store/ssbhc4yalq5x7lb5fx2yi5axv2nm56dw-source.drv
  /nix/store/m98yklz2nw3hasl28z3fl10hd5imx1bf-python3.14-pytest-mock-3.15.1.drv
  /nix/store/kilnv2m6vjrbcgll80p4bsrdydf6lg66-asciidoc-10.2.1.drv
  /nix/store/1rl3a9gjv2d1cw5dsmpfz15j94al6smj-ninja-1.13.2.drv
  /nix/store/xqji3wzbv1vm94kxwh9d5slryfldrsm6-gmp-6.3.0.tar.bz2.drv
  /nix/store/iig1gja8x270g80rpgqph7srfvm8hndz-gmp-with-cxx-6.3.0.drv
  /nix/store/jabc7q49ci7hsc06n66mwzwnl07hihbc-nettle-3.10.2.tar.gz.drv
  /nix/store/3xvarck889vgq191blfl55dizwz3cxib-nettle-3.10.2.drv
  /nix/store/djriqd1kgq6ixndfr7wgw3gwj6cknvd9-gcc-15.patch.drv
  /nix/store/l67jhvhgfagxcvwr5yfnyd2cnk07sp62-flex-2.6.4.tar.gz.drv
  /nix/store/pj3lgfas771a8qff3fdbmq4r2p5d85y0-glibc-2.26.patch.drv
  /nix/store/b39189ggybyygg2yqml4rjjsaglhjvgh-help2man-1.49.3.tar.xz.drv
  /nix/store/w6327xsxvdzz3xdbmdm9a3m5kjyzsgkc-gettext-1.07.tar.gz.drv
  /nix/store/ribyms4wn0wfjgrv5rlw16d4szjk6hik-perl5.42.0-gettext-1.07.drv
  /nix/store/q632m96llpb3cx7bwb1i6zhvqwnd1yqi-help2man-1.49.3.drv
  /nix/store/i9czbg2s6r1z86w42jjmcspj7wwr0jv4-flex-2.6.4.drv
  /nix/store/22zh7flx2b1skm4f2r3n4gpgvlyzkzxh-883630f76cbf512003b81de25cd96cb75c6cf0f9.patch.drv
  /nix/store/h4r4z7p71f0namsgh8rmjkw91590kgsz-libevent-2.1.13-stable.tar.gz.drv
  /nix/store/n77vx3igykvp08hj63lly6if759dc5nw-libevent-2.1.13.drv
  /nix/store/v1gaxzpb7aba9s26kb4b8jg3546qlxk2-source.drv
  /nix/store/v584vlg5fqxsdcvpr976793cpjvlk6ng-version-check-hook.drv
  /nix/store/wczfmc90yc54pla0iyxvv778grq0m2sd-root.hints.drv
  /nix/store/wg1j1js5ya3391nfq341bsnn32m8ql0l-dns-root-data-2025-04-14.drv
  /nix/store/1wbc847yy1afvisn14m6cbgdi233yh4l-unbound-1.25.2.drv
  /nix/store/6h39vpgz3q5qd6fx0rkmnrr87v1m9cva-absolute_shlib_path.patch.drv
  /nix/store/a3phzih1xixfbnq2wwh3w3byaf9jvjg0-docbook-xml-4.3.drv
  /nix/store/7idf7hqkykydmhckiikpkhybi8ilrgym-source.drv
  /nix/store/cg6sxmzcr5dhk2v75ph1zaqkwrpgx8n6-python3.14-lxml-6.1.1.drv
  /nix/store/ij2nzf6gbz1z95d1pkrbdlhlaq1s038s-source.drv
  /nix/store/8glajli2v56qz905ckiqpsjidv0l7z2c-setuptools-build-hook.drv
  /nix/store/by819alpd5a95g93bznsqkbwjypnx2yr-001-fix-rpath.patch.drv
  /nix/store/f6d8hvhpkhnlxski6m2d6i9plvdfk912-source.drv
  /nix/store/wss6d43rb9f0q8zy82f52db78z8pc82h-meson-1.10.2.drv
  /nix/store/8ldk1mri427qk4s4wllcfr74r2qlimgx-gtk-doc-1.36.1.drv
  /nix/store/wygqqm3r4jy282rcwh4fibr3fz1xl5xa-source.drv
  /nix/store/a90ag4myns5h3ly8gawd4kj1lyn35vd0-python3.14-markupsafe-3.0.3.drv
  /nix/store/2l12ghk9d6jg19w7haxm3iczaz96wzvz-source.drv
  /nix/store/2dlgizl9axz8795vk6dpgfjr2s3m3lir-lingua-4.15.0.tar.gz.drv
  /nix/store/ykpdk93fqnz9swjsz78rqdj1ii3jp37v-source.drv
  /nix/store/76naqkzxlp6ym047ba2291jn9cpl7l4i-python3.14-click-8.3.3.drv
  /nix/store/77lrdzdr3fkjnrr27bnncl198pniiy1k-polib-1.2.0.tar.gz.drv
  /nix/store/fd03lhzl9fkjchglqdldb654h3xkzqmp-python3.14-polib-1.2.0.drv
  /nix/store/bss6hi1hf3318w0212pl1kzjmydr9yhc-python3.14-lingua-4.15.0.drv
  /nix/store/x3s6a4kxxvz3zxirnkxz296pdmsr8d25-source.drv
  /nix/store/ff0nv4i1m74gfbnr3dqvysa1akcm2840-python3.14-chameleon-4.6.0.drv
  /nix/store/2z1czc5zlfkbccdh9af5i96jz3shfq7q-glibc-locales-2.42-67.drv
  /nix/store/biazpvf5bxcp880ap1svqwvh08x9cw6d-python-dateutil-2.9.0.post0.tar.gz.drv
  /nix/store/f77h8q2nxh70dgpr3vx63jsjhp9pcas8-source.drv
  /nix/store/jqi1nlngr4sx74gy2cd7i18kc4yxgk2l-python3.14-six-1.17.0.drv
  /nix/store/fblq74h3cb9nncbmhci3sn0fncxcz5d5-python3.14-python-dateutil-2.9.0.post0.drv
  /nix/store/mdsdbfwp5x6sj2djx71ar363daxyfww6-freezegun-1.5.5.tar.gz.drv
  /nix/store/5wfrb3pc6p5m26d1ldm5v7x9vacw3j45-python3.14-freezegun-1.5.5.drv
  /nix/store/cqy5x2k522ndwmbs43jrd9bfgacr9diq-babel-2.18.0.tar.gz.drv
  /nix/store/hmlq0ik7x3ian67af7z39jx06z1ys5p5-pytz-2026.2.tar.gz.drv
  /nix/store/fwg9g0lm4m13wd5wrlvbfsd5bqgdr38x-python3.14-pytz-2026.2.drv
  /nix/store/g26cmal661r9h7awv525g5k9f2vldnd9-python3.14-babel-2.18.0.drv
  /nix/store/4j4niacprw8dsgkdz8rc0jdpk368md2q-mock-5.2.0.tar.gz.drv
  /nix/store/h9a2ck0j3cryrgydgcyajnwmypcch59m-python3.14-mock-5.2.0.drv
  /nix/store/z9zm6djgsmdamsb13sm7i3mg82bqrbf4-source.drv
  /nix/store/rvqmcplarrs6bwxcbn3d1k8aax7fiyzx-python3.14-setuptools-80.10.2.drv
  /nix/store/sm805a6x97m0aa8fb37cdnb09nysprpd-python3.14-mako-1.3.12.drv
  /nix/store/hdcgz7fs70hibsrqlx33263cvmx1yfa5-python3-3.14.6-env.drv
  /nix/store/r2nd70kma9bwa1ikkapnjm970bkqba3l-gobject-introspection-1.86.0.tar.xz.drv
  /nix/store/5b0k1csvn6r94imc0j7zk83gxmp8w2xr-glib-2.88.1.tar.xz.drv
  /nix/store/h5hcy5i5rdrsqwyf6nppirnaggs2ynnk-libselinux-3.10.tar.gz.drv
  /nix/store/hdnvqcg9ik54yy206c183dypzbalqgia-0003-libselinux-restore-drop-the-obsolete-LSF-transitiona.patch?id=62b9c816a5000dc01b28e78213bde26b58cbca9d.drv
  /nix/store/x3lzpc34lah99yrq5kvyhhn3f8wr88z9-libsepol-3.11.tar.gz.drv
  /nix/store/lsc2rkw8ki45bwih27rvkryz1vhrwh7h-libsepol-3.11.drv
  /nix/store/88yqx1im9m6xqkm7isaw5p8pkrc9wwz4-libselinux-3.10.drv
  /nix/store/c5xisvsrw7zadqwvjda1m06i60fwvp4y-docutils-0.23.tar.gz.drv
  /nix/store/8jbn5803j2kxhasdxvaddj990vsqxq09-python3.14-docutils-0.23.drv
  /nix/store/4hvq1arxbhjf715avzja026g3dz5p61d-fix-aarch64_fregs.patch.drv
  /nix/store/7xzhl885gj2vfarqj6w7ak0818dv6qi3-source.drv
  /nix/store/alf4480shy4f2zp1x388p2dz1c15274p-lzo-2.10.tar.gz.drv
  /nix/store/zkc7a54b6mbn7272p7v77k5xyda133sk-lzo-2.10.drv
  /nix/store/9009dh2rlpsf8mnwgry7lvj4a39plvw3-libarchive-3.8.8.drv
  /nix/store/ahzj08gcw6r5ppal3mdhyhh0s4a2llzw-libtasn1-4.21.0.drv
  /nix/store/ccwrmd52v5b3y8d1nphcmadb74q5r8nq-which-2.25.tar.gz.drv
  /nix/store/lmp97g5saxwymjfhr3ja1zlmyv0y52xp-which-2.25.drv
  /nix/store/m2807vj2bx4z4q5v9wxd3dwbkfb401dn-libidn2-2.3.8.drv
  /nix/store/bmgybzf54wmhrlyr09f3q9wfal848rxc-getopt-1.1.6.tar.gz.drv
  /nix/store/dw17a86qc8rh0fsl6ymcbjb6g8x9sxn1-getopt-1.1.6.drv
  /nix/store/8ky6a4428qmygh8bf944p9spwcmik81f-uname.drv
  /nix/store/6yvkhpckdqvf01mjhafz7msmfvn6bc7g-bash53-004.drv
  /nix/store/90c72h463shhfs6j9ki89r48giv0hx4k-bash53-010.drv
  /nix/store/9yapz6810a2619904dywkch7hq0j46rk-bash53-003.drv
  /nix/store/aj9pcxnrb3jfl3xrgq5gpm98afsfkbfa-bash53-006.drv
  /nix/store/f9wi9ga5sc09s3g76q7380q5hvhf1qjc-bash53-005.drv
  /nix/store/gmsv24y5jn3v92l65vcxmp6g6bqcgm68-bash53-014.drv
  /nix/store/hfsbwwvg0l2lkkk68kvly84fnrmrnfsh-bash53-002.drv
  /nix/store/idvjqqkhvw96z5y1cx9fjv7d8y0qn9xx-bash53-012.drv
  /nix/store/j1vb3ai1p7g40xlaydqpdx4g03b8517g-bash53-009.drv
  /nix/store/k92ylbadjxqzmndisli74kg5nygkb2qj-bash53-007.drv
  /nix/store/kyfh3hfp9lw7k3b01zfmg3j2cqyd8w1q-bash-5.3.tar.gz.drv
  /nix/store/lgxi879bp6jvh8107a015vbkq4fgba3l-bash53-008.drv
  /nix/store/n9lbkjhh6syz4994xrn8ni5zbcr01qb3-bash53-013.drv
  /nix/store/sbbpynq68vjynaadccs0xmncgvp2apsf-bash53-001.drv
  /nix/store/swbra9r5x3jghgjkxq70jvk84035l062-bash53-015.drv
  /nix/store/whb2gy3djwpfq13y7jf3yfahz180sm0m-bash53-011.drv
  /nix/store/b0ran975s1k1ixhg0r9rhzpi6x3kxw40-bash-interactive-5.3p15.drv
  /nix/store/fvlwzi1ngqhh6yg1v5vgg5fh1f8fmk15-t7703-ignore-ls-total.patch.drv
  /nix/store/kkindlj7i71ja9gkiq08w7315iziqqnf-git-2.55.0.tar.xz.drv
  /nix/store/pg98c4zgdy5770l0n8d7ym5cs96dsh9f-source.drv
  /nix/store/b1nbh33xp0zjiwilklzydqvpcsh63612-rhash-1.4.6.drv
  /nix/store/2cvi67v602vcph67i5iv11ijmcchfkrg-c-ares-1.34.8.tar.gz.drv
  /nix/store/mzlkwvn03iwlf3s8nyjkxbm4yl496lj8-c-ares-1.34.8.drv
  /nix/store/7hblw320m3iwhnpn5dh9jsg2njsqn4bh-CUnit-2.1-3.tar.bz2.drv
  /nix/store/pjhdawmczvzphj2rwg6i50vcmy6zpzrz-CUnit-2.1-3.drv
  /nix/store/275p9q8amadjpzi7vy5lkhjmypfhapbi-patch-ev.c.drv
  /nix/store/wa9ximpl3ca76hpx7nmkqg5j8d3qsrx7-libev-4.33.tar.gz.drv
  /nix/store/winwx8bdiy8cls64q7j31dqzqxrv3xqw-libev-4.33.drv
  /nix/store/wy4vrqrkyg7dxqzg1g098fx68wdfax8q-nghttp2-1.69.0.tar.bz2.drv
  /nix/store/7ya6gmcv9c4bjagblqd564ahikng62y7-nghttp2-1.69.0.drv
  /nix/store/ag8i1n96nrznvlv1w1a9fmyvs3wxi5jh-CVE-2026-55200.patch.drv
  /nix/store/gyq1b37ngzv0ax06qnw54kzxl3149v5v-CVE-2026-55199.patch.drv
  /nix/store/ip2bvg8xi70xhw82fknc7l4c1ib017qr-CVE-2025-15661.patch.drv
  /nix/store/izx29p3ql49zfb2l9d3amirvszxg1q91-CVE-2026-58051.patch.drv
  /nix/store/jxffph939wyzabqlrifvw82fja9yicma-CVE-2026-58050.patch.drv
  /nix/store/kaln3x9gq9bpbmn1vs0mi98v9r2khphp-libssh2-1.11.1.tar.gz.drv
  /nix/store/rbqijdzv16gy9443pf0xqll92bzc9c8x-libssh-unconst-backport.patch.drv
  /nix/store/cv4xl6n48dy9vakpfqk4c57v004rjxn7-libssh2-1.11.1.drv
  /nix/store/gdzvk5bklcwainqi7i80zvw6pla444zv-krb5-1.22.2.tar.gz.drv
  /nix/store/83sh5gwhprjj6k7yn53vlfm5j8m72n3n-raw.drv
  /nix/store/gc52x1iy0dzqz0xhxa1npvd088my9pry-keyutils-1.6.3.tar.gz.drv
  /nix/store/h7iwf6l2s3jhsw6i5n09mpivjsd280m6-keyutils-1.6.3.drv
  /nix/store/ph4qbsmacwpfy89djjyny047zawr9ir4-byacc-20260126.tgz.drv
  /nix/store/i8p4n1wk4rnp5d1656nzwakdn3z88i2y-byacc-20260126.drv
  /nix/store/hc6qwpjj3fg4s3lq3kpg1pm2nvkq9na3-krb5-1.22.2.drv
  /nix/store/mhn88lmdmn37yjyr9y5cni59clw5lj7s-curl-8.21.0.tar.xz.drv
  /nix/store/i82a5gsxwh29x2wk7z4bh9m6zvb9mas6-curl-8.21.0.drv
  /nix/store/pf11i26mg3hshri28ff1q92bbykbl8s3-source.drv
  /nix/store/i8q5p39m7kl7r2wpbxzhas6pvq96y7p0-libuv-1.52.1.drv
  /nix/store/c1m9y344056j482d3qxvncbhbf856dq5-cmake-4.3.4.drv
  /nix/store/picawvq52xjw1g14zmlifhk4vh5p0lbf-e230f474b87134e8c6c85b630084c612057f253e.patch.drv
  /nix/store/yxgnmh9nklngjfxgphj2xr0fssrzdvh7-source.drv
  /nix/store/3znq9s5n4j5bf3rgp5810svw4i7az8hy-brotli-1.2.0.drv
  /nix/store/z5w2mw294f99gvc7riqlxf0v3j76cr1f-source.drv
  /nix/store/abm4d53xc60bq4lg2hbrj6xhhrhv7cbg-publicsuffix-list-0-unstable-2026-06-24.drv
  /nix/store/al2zribk7l4bplj9pbxrl4vja3jfkbjs-libpsl-0.21.5.tar.lz.drv
  /nix/store/fywrfim2xga4kwkjbgfi6hcmvwl8817i-lzip-1.26.tar.gz.drv
  /nix/store/ll0a89wrdlrny99sb0clmb7z1ch6fci4-lzip-1.26.drv
  /nix/store/vh1qlrgp2cq5xi0ab1bdvl4q0rszcc01-static.patch.drv
  /nix/store/bxvnilgifdd1wm0r9i372652bsxffgc4-libpsl-0.21.5.drv
  /nix/store/k54dckf4g8w0wgmc8n93faqkpzvpv980-nghttp3-1.16.0.tar.bz2.drv
  /nix/store/hm0ingmmim36szvflwcdfr9rp6n4xjv8-nghttp3-1.16.0.drv
  /nix/store/ryy0qhknrbgc2r23fnzn35m47vbx1l2x-ngtcp2-1.23.0.tar.bz2.drv
  /nix/store/ck7pfq52jg37b0gj4r2bmshr9vfw04az-ngtcp2-1.23.0.drv
  /nix/store/lsms0a4pqs24n2d1addqci7q6zdq61z2-curl-8.21.0.drv
  /nix/store/m3kcb2d8x3lm2m9sbdvx09j5k20vv3fc-source.drv
  /nix/store/9zjprmhcaxhp944nrci6kqzmb27rsy9s-gtest-1.17.0.drv
  /nix/store/qs3w5sj9qrx993ic427ydvq70lqcsdm9-zlib-ng-2.3.3.drv
  /nix/store/lilr2vsmkcqw5kayzicn0chp4436a8hl-git-minimal-2.55.0.drv
  /nix/store/c84ir50fd9yb4q7w1pi9rbj672ghzamd-source.drv
  /nix/store/p5hc8p63brxgqjk9b640nqdkmbf8dzha-p11-kit-0.26.2.drv
  /nix/store/pjaiqbzx6kc83vsyk43c81yqqmbd7lkj-gnutls-3.8.13.tar.xz.drv
  /nix/store/8ljfbld54gr9m4daglmd9zdfq4jc9qwd-gnutls-3.8.13.drv
  /nix/store/7796lry6amqf4hy5kysawjk6mpp37i9r-libgpg-error-1.61.tar.bz2.drv
  /nix/store/cnvvff31hlrbqamhk2vf05bz8x2ljdmb-libgpg-error-1.61.drv
  /nix/store/sr08ms40fqb3zxilkgzx1bpnly7fg060-libgcrypt-1.12.2.tar.bz2.drv
  /nix/store/hl4id2iarv8lybwzdfyzrs7ir3mxhccs-libgcrypt-1.12.2.drv
  /nix/store/y3mvp45apbjvamd2rl0m31p7gjz4j84h-libmicrohttpd-1.0.6.tar.gz.drv
  /nix/store/caybn5cd0dq8w4ii4rbd2ailxxgaj79m-libmicrohttpd-1.0.6.drv
  /nix/store/fr9gbgsj5wpjlv8gh1jg6z60vgdjhifg-setup-debug-info-dirs-hook.drv
  /nix/store/kfmjp6v157zdhspi5fhmsn37npfvi9cg-musl-macros.patch.drv
  /nix/store/p5zshdpmmq8v5gq7lbm959pmjgy5kaag-elfutils-0.195.tar.bz2.drv
  /nix/store/fsawhq67bblilcm61ds1h17jnqahm37p-source.drv
  /nix/store/s40d69j6lm3v5jkc5ff4wsz5sbd0x684-json-c-0.18.drv
  /nix/store/w7nw3mzb1pq1vxijwmxkvhs600c1g93c-fix-i386_tlsdesc_relocation.patch.drv
  /nix/store/xddf7rl04nbnhpgd46pr0qmqbrvlp80q-musl-strndupa.patch.drv
  /nix/store/8lmpmzf34fzfzi2hzdk8mj1dw26hl9gr-elfutils-0.195.drv
  /nix/store/5ifawdpmkhwr152rxdd0ahrmc9y2bnfz-sysprof-50.0.tar.xz.drv
  /nix/store/9kj059nzwhy4r9b4lbmq82dsj2018l0q-libsysprof-capture-50.0.drv
  /nix/store/l604bkv874g4gplpsx1qggs2m250kj5i-systemtap.drv
  /nix/store/9m7q2i8qiih78apd3bqmx98hfq2ai0zj-libsystemtap-5.5.drv
  /nix/store/d3k6sc8ha0q7b1abj05ngnhjn635257k-boost_1_89_0.tar.bz2.drv
  /nix/store/aqa85dppi225w6vaaji64hwsbfzjw2b0-boost-build-boost-1.89.0.drv
  /nix/store/vgxkf1sqrs29rgmn47l7kf2cp6klfs9v-icu4c-78.3-sources.tgz.drv
  /nix/store/clrpji9a11rcczc6hcv4rxrvfgf4nxdw-icu4c-78.3.drv
  /nix/store/rawk8972vb1dsp06z3h5fh2xir6759vh-boost.pc.drv
  /nix/store/bf97qrywixc1hyldkf4f4vx6ghflk6kc-boost-1.89.0.drv
  /nix/store/qwn5m8hppwjb5jh2bk0allj2k9sk1kk2-cpio-2.15.tar.bz2.drv
  /nix/store/inzcjsqa0sxs4i0kn7j5k2pqnw5b1mgf-cpio-2.15.drv
  /nix/store/77q5ynyf22f2179xacwlbj8r1m84rfyc-systemtap-5.5.drv
  /nix/store/7z6sr5y1b50812cqqsllnxgqh7sv8ac1-source.drv
  /nix/store/nqvw4yihf9961ksqrlm65z9wy8d0xj2v-python3.14-pyparsing-3.3.2.drv
  /nix/store/ryvgzb6v47bcbrjjqd8g57xkqyf0pf7k-systemtap-5.5.drv
  /nix/store/whgzq2i9vvmlr6siqiiq0a7phy53hgzs-glib-2.88.1.drv
  /nix/store/27219jmgkhxfmg2l2x530spdg4qvb7kw-gobject-introspection-1.86.0.drv
  /nix/store/2kydh2prvfwwawpbcykfkpbpb70x9vgq-musl.patch.drv
  /nix/store/7cak5zi56d80s2np6b7gijpd2blrf109-jinja2-3.1.6.tar.gz.drv
  /nix/store/39h5y9nqq7q9ilvv07x08ql0ipr3xzgq-python3.14-jinja2-3.1.6.drv
  /nix/store/3q354jnm29mxgxipn6hfqpf8hnzv5km0-source.drv
  /nix/store/4afsa9g0v54jvspav4kivyflirv7csb2-build-overwrite-already-existing-symlinks-during-ins.patch.drv
  /nix/store/83gi4s4nw30jyb8y44jhblmn20s839v1-typogrify-2.1.0.tar.gz.drv
  /nix/store/8v9w1jxpvd39h07nda9zdnhfxvwkf6zp-python3.14-docutils-0.23.drv
  /nix/store/vkm9smnf52dphzdgnb6i6kwkhaq14b5f-source.drv
  /nix/store/h4ng4kbl8ka2cjk49xlniami8qvq51yz-python3.14-smartypants-2.0.2.drv
  /nix/store/5kk2i62y6zpbhlgi7z809qlljjmkmgjn-python3.14-typogrify-2.1.0.drv
  /nix/store/kqmgdcisiaxsc0j86f7z0m5shfqafxz0-lndir-1.0.5.tar.xz.drv
  /nix/store/d7jqph8yay1l4rpdina9s837sblpnh9j-lndir-1.0.5.drv
  /nix/store/764a9j91ayxckah0q98kbr54r2vmxxd9-gobject-introspection-wrapped-1.86.0.drv
  /nix/store/ixkcff6mdhwbzxm9ajyh0h5z961685xv-source.drv
  /nix/store/89460g1abq5z7pdpkc4qn1g37zz82i9l-utf8proc-2.11.3.drv
  /nix/store/cg5gq62bpzk532b11y94nl2a03xhwvvm-binutils-wrapper-2.46.drv
  /nix/store/sxr4zm8m4yl0bgfkkjj04599pfr2sy6l-source.drv
  /nix/store/zgz2znwgmwqraqbwm95ciwlqym480pb9-python3.14-pyelftools-0.32.drv
  /nix/store/ig2f8ym10jp2zxnw41ljh1dqb2nhxvg4-python3-3.14.6-env.drv
  /nix/store/zp5k6bci9s9ymq7zgfn9s55q0aj4s7hg-auto-patchelf-0-unstable-2024-08-14.drv
  /nix/store/90qadgp8vxqf0b5j968ca29j11fm8sk0-auto-patchelf-hook.drv
  /nix/store/r31pldzqmhlgwzb07b4k2pj3wz33ih13-gi-docgen-2026.1.tar.xz.drv
  /nix/store/pdlvdzj0cklmsiz7nr1wz41s8ijdp24r-gi-docgen-2026.1.drv
  /nix/store/as55akszp2vx9zlqbadjvi729n6c4qhg-glib-2.88.1.drv
  /nix/store/p0kx6il9lli9p83aiajhwbdlkl89lk5b-gperf-3.3.tar.gz.drv
  /nix/store/id78zvrnqav32vbdimmqv9js3hx303ks-gperf-3.3.drv
  /nix/store/bnjaji6warliaq3kc6xv1nhzz0wmm4xf-source.drv
  /nix/store/g5vc5b5jsib8l5famj155541m935l2xj-docbook-xml-4.2.zip.drv
  /nix/store/yd8bwh0x8301xlmz6plma4c3n9bnzjag-docbook-xml-4.2.drv
  /nix/store/ipna5vcdz6qcbh3dbwmgcc1ip1g5n1cq-kmod-31.drv
  /nix/store/jlqc53mbx83rq3v1wbsqrxqpjn59vpqn-source.drv
  /nix/store/lavda6706mr1mhfl3rifi2qpbc5hjfcs-python3-3.14.6-env.drv
  /nix/store/k6m21l09haaiw3f1k90hj3bp9jdkrfnx-systemd-minimal-libs-261.1.drv
  /nix/store/hfnyd6ys3yb97jc35c1pckzfya3z3a1f-source.drv
  /nix/store/npx5k6cga1d1zc3h2xc78gq1dnr467gn-libutempter-1.2.3.drv
  /nix/store/b7jw58c7nc8ibngrvf0wn0rwsjf5ah15-tmux-3.7b.drv
building '/nix/store/y84saga4qsmk7xrprd0qv8rgdqjk67g1-bash-5.3.tar.gz.drv'...
error: builder for '/nix/store/y84saga4qsmk7xrprd0qv8rgdqjk67g1-bash-5.3.tar.gz.drv' failed with exit code 1;
       last 1 log lines:
       > error: opening file '/nix/store/kwm524zjlnnq4yfhhmb5r14f2wxf8a2j-bash-5.3.tar.gz': No such file or directory
       For full logs, run 'nix log /nix/store/y84saga4qsmk7xrprd0qv8rgdqjk67g1-bash-5.3.tar.gz.drv'.
error: 1 dependencies of derivation '/nix/store/32m0q1yk99rgsqmzyq51wra1r3wl4wcn-bash-5.3.drv' failed to build
error: 1 dependencies of derivation '/nix/store/0zpfrprrvr64401jmb0vcz8gadjkjpc4-bash-5.3p15.drv' failed to build
error: 1 dependencies of derivation '/nix/store/3z9lsxvzb28s666q8scb4xff2j9g8lsr-bash-5.3p15.drv' failed to build
error: 1 dependencies of derivation '/nix/store/4wakc4jqkw3sva9f746mln5r9zs5qwxz-bash-5.3p15.drv' failed to build
error: 1 dependencies of derivation '/nix/store/ic6h510xagj8ral4j55jivrafgbzspqi-bash-5.3p15.drv' failed to build
error: 1 dependencies of derivation '/nix/store/jrr61c4rbw3c7gc9g067y2s1klqzw9hn-bash-5.3p15.drv' failed to build
error: 1 dependencies of derivation '/nix/store/b7jw58c7nc8ibngrvf0wn0rwsjf5ah15-tmux-3.7b.drv' failed to build
